Archive member included to satisfy reference by file (symbol)

c:/progra~1/raspbe~1/picosd~1.0/gcc-ar~1/bin/../lib/gcc/arm-none-eabi/10.3.1/thumb/v6-m/nofp\libgcc.a(_dvmd_tls.o)
                              CMakeFiles/pio_ws2812.dir/C_/Program_Files/Raspberry_Pi/Pico_SDK_v1.5.0/pico-sdk/src/rp2_common/pico_divider/divider.S.obj (__aeabi_idiv0)
c:/progra~1/raspbe~1/picosd~1.0/gcc-ar~1/bin/../lib/gcc/arm-none-eabi/10.3.1/../../../../arm-none-eabi/lib/thumb/v6-m/nofp\libg.a(lib_a-calloc.o)
                              CMakeFiles/pio_ws2812.dir/C_/Program_Files/Raspberry_Pi/Pico_SDK_v1.5.0/pico-sdk/src/rp2_common/pico_malloc/pico_malloc.c.obj (calloc)
c:/progra~1/raspbe~1/picosd~1.0/gcc-ar~1/bin/../lib/gcc/arm-none-eabi/10.3.1/../../../../arm-none-eabi/lib/thumb/v6-m/nofp\libg.a(lib_a-callocr.o)
                              c:/progra~1/raspbe~1/picosd~1.0/gcc-ar~1/bin/../lib/gcc/arm-none-eabi/10.3.1/../../../../arm-none-eabi/lib/thumb/v6-m/nofp\libg.a(lib_a-calloc.o) (_calloc_r)
c:/progra~1/raspbe~1/picosd~1.0/gcc-ar~1/bin/../lib/gcc/arm-none-eabi/10.3.1/../../../../arm-none-eabi/lib/thumb/v6-m/nofp\libg.a(lib_a-errno.o)
                              c:/progra~1/raspbe~1/picosd~1.0/gcc-ar~1/bin/../lib/gcc/arm-none-eabi/10.3.1/../../../../arm-none-eabi/lib/thumb/v6-m/nofp\libg.a(lib_a-callocr.o) (__errno)
c:/progra~1/raspbe~1/picosd~1.0/gcc-ar~1/bin/../lib/gcc/arm-none-eabi/10.3.1/../../../../arm-none-eabi/lib/thumb/v6-m/nofp\libg.a(lib_a-impure.o)
                              c:/progra~1/raspbe~1/picosd~1.0/gcc-ar~1/bin/../lib/gcc/arm-none-eabi/10.3.1/../../../../arm-none-eabi/lib/thumb/v6-m/nofp\libg.a(lib_a-calloc.o) (_impure_ptr)
c:/progra~1/raspbe~1/picosd~1.0/gcc-ar~1/bin/../lib/gcc/arm-none-eabi/10.3.1/../../../../arm-none-eabi/lib/thumb/v6-m/nofp\libg.a(lib_a-init.o)
                              c:/progra~1/raspbe~1/picosd~1.0/gcc-ar~1/bin/../lib/gcc/arm-none-eabi/10.3.1/../../../../arm-none-eabi/lib/thumb/v6-m/nofp/crt0.o (__libc_init_array)
c:/progra~1/raspbe~1/picosd~1.0/gcc-ar~1/bin/../lib/gcc/arm-none-eabi/10.3.1/../../../../arm-none-eabi/lib/thumb/v6-m/nofp\libg.a(lib_a-malloc.o)
                              CMakeFiles/pio_ws2812.dir/C_/Program_Files/Raspberry_Pi/Pico_SDK_v1.5.0/pico-sdk/src/rp2_common/pico_malloc/pico_malloc.c.obj (malloc)
c:/progra~1/raspbe~1/picosd~1.0/gcc-ar~1/bin/../lib/gcc/arm-none-eabi/10.3.1/../../../../arm-none-eabi/lib/thumb/v6-m/nofp\libg.a(lib_a-mallocr.o)
                              c:/progra~1/raspbe~1/picosd~1.0/gcc-ar~1/bin/../lib/gcc/arm-none-eabi/10.3.1/../../../../arm-none-eabi/lib/thumb/v6-m/nofp\libg.a(lib_a-callocr.o) (_malloc_r)
c:/progra~1/raspbe~1/picosd~1.0/gcc-ar~1/bin/../lib/gcc/arm-none-eabi/10.3.1/../../../../arm-none-eabi/lib/thumb/v6-m/nofp\libg.a(lib_a-mlock.o)
                              c:/progra~1/raspbe~1/picosd~1.0/gcc-ar~1/bin/../lib/gcc/arm-none-eabi/10.3.1/../../../../arm-none-eabi/lib/thumb/v6-m/nofp\libg.a(lib_a-mallocr.o) (__malloc_lock)
c:/progra~1/raspbe~1/picosd~1.0/gcc-ar~1/bin/../lib/gcc/arm-none-eabi/10.3.1/../../../../arm-none-eabi/lib/thumb/v6-m/nofp\libg.a(lib_a-rand.o)
                              CMakeFiles/pio_ws2812.dir/main.c.obj (rand)
c:/progra~1/raspbe~1/picosd~1.0/gcc-ar~1/bin/../lib/gcc/arm-none-eabi/10.3.1/../../../../arm-none-eabi/lib/thumb/v6-m/nofp\libg.a(lib_a-realloc.o)
                              CMakeFiles/pio_ws2812.dir/C_/Program_Files/Raspberry_Pi/Pico_SDK_v1.5.0/pico-sdk/src/rp2_common/pico_malloc/pico_malloc.c.obj (realloc)
c:/progra~1/raspbe~1/picosd~1.0/gcc-ar~1/bin/../lib/gcc/arm-none-eabi/10.3.1/../../../../arm-none-eabi/lib/thumb/v6-m/nofp\libg.a(lib_a-reallocr.o)
                              c:/progra~1/raspbe~1/picosd~1.0/gcc-ar~1/bin/../lib/gcc/arm-none-eabi/10.3.1/../../../../arm-none-eabi/lib/thumb/v6-m/nofp\libg.a(lib_a-realloc.o) (_realloc_r)
c:/progra~1/raspbe~1/picosd~1.0/gcc-ar~1/bin/../lib/gcc/arm-none-eabi/10.3.1/../../../../arm-none-eabi/lib/thumb/v6-m/nofp\libg.a(lib_a-sbrkr.o)
                              c:/progra~1/raspbe~1/picosd~1.0/gcc-ar~1/bin/../lib/gcc/arm-none-eabi/10.3.1/../../../../arm-none-eabi/lib/thumb/v6-m/nofp\libg.a(lib_a-mallocr.o) (_sbrk_r)
c:/progra~1/raspbe~1/picosd~1.0/gcc-ar~1/bin/../lib/gcc/arm-none-eabi/10.3.1/../../../../arm-none-eabi/lib/thumb/v6-m/nofp\libg.a(lib_a-strlen-stub.o)
                              CMakeFiles/pio_ws2812.dir/C_/Program_Files/Raspberry_Pi/Pico_SDK_v1.5.0/pico-sdk/src/rp2_common/pico_stdio/stdio.c.obj (strlen)
c:/progra~1/raspbe~1/picosd~1.0/gcc-ar~1/bin/../lib/gcc/arm-none-eabi/10.3.1/../../../../arm-none-eabi/lib/thumb/v6-m/nofp\libg.a(lib_a-freer.o)
                              c:/progra~1/raspbe~1/picosd~1.0/gcc-ar~1/bin/../lib/gcc/arm-none-eabi/10.3.1/../../../../arm-none-eabi/lib/thumb/v6-m/nofp\libg.a(lib_a-malloc.o) (_free_r)
c:/progra~1/raspbe~1/picosd~1.0/gcc-ar~1/bin/../lib/gcc/arm-none-eabi/10.3.1/../../../../arm-none-eabi/lib/thumb/v6-m/nofp\libg.a(lib_a-lock.o)
[...]
Memory Configuration

Name             Origin             Length             Attributes
FLASH            0x10000000         0x00200000         xr
RAM              0x20000000         0x00040000         xrw
SCRATCH_X        0x20040000         0x00001000         xrw
SCRATCH_Y        0x20041000         0x00001000         xrw
*default*        0x00000000         0xffffffff

Linker script and memory map

LOAD c:/progra~1/raspbe~1/picosd~1.0/gcc-ar~1/bin/../lib/gcc/arm-none-eabi/10.3.1/thumb/v6-m/nofp/crti.o
LOAD c:/progra~1/raspbe~1/picosd~1.0/gcc-ar~1/bin/../lib/gcc/arm-none-eabi/10.3.1/thumb/v6-m/nofp/crtbegin.o
LOAD c:/progra~1/raspbe~1/picosd~1.0/gcc-ar~1/bin/../lib/gcc/arm-none-eabi/10.3.1/../../../../arm-none-eabi/lib/thumb/v6-m/nofp/crt0.o

.flash_begin    0x10000000        0x0
                0x10000000                __flash_binary_start = .

.boot2          0x10000000      0x100
                0x10000000                __boot2_start__ = .
 *(.boot2)
 .boot2         0x10000000      0x100 C:\Users\drsub\AppData\Local\Temp\cciq1IjZ.o
                0x10000100                __boot2_end__ = .
                0x00000001                ASSERT (((__boot2_end__ - __boot2_start__) == 0x100), ERROR: Pico second stage bootloader must be 256 bytes in size)

.text           0x10000100     0x7238
                0x10000100                __logical_binary_start = .
 *(.vectors)
 .vectors       0x10000100       0xd4 CMakeFiles/pio_ws2812.dir/C_/Program_Files/Raspberry_Pi/Pico_SDK_v1.5.0/pico-sdk/src/rp2_common/pico_standard_link/crt0.S.obj
                0x10000100                __VECTOR_TABLE
                0x10000100                __vectors
                0x100001c0                isr_invalid
                0x100001c0                __default_isrs_start
                0x100001c2                isr_nmi
                0x100001c4                isr_hardfault
                0x100001c6                isr_svcall
                0x100001c8                isr_pendsv
                0x100001ca                isr_systick
                0x100001cc                isr_irq23
                0x100001cc                isr_irq18
                0x100001cc                isr_irq11
                0x100001cc                isr_irq28
                0x100001cc                isr_irq19
                0x100001cc                isr_irq0
                0x100001cc                isr_irq6
                0x100001cc                isr_irq5
                0x100001cc                isr_irq12
                0x100001cc                isr_irq22
                0x100001cc                isr_irq31
                0x100001cc                isr_irq17
                0x100001cc                isr_irq27
                0x100001cc                isr_irq30
                0x100001cc                isr_irq2
                0x100001cc                isr_irq10
                0x100001cc                isr_irq8
                0x100001cc                isr_irq24
                0x100001cc                isr_irq1
                0x100001cc                isr_irq7
                0x100001cc                isr_irq21
                0x100001cc                isr_irq20
                0x100001cc                isr_irq15
                0x100001cc                isr_irq25
                0x100001cc                isr_irq13
                0x100001cc                __unhandled_user_irq
                0x100001cc                isr_irq4
                0x100001cc                isr_irq16
                0x100001cc                isr_irq29
                0x100001cc                isr_irq26
                0x100001cc                __default_isrs_end
                0x100001cc                isr_irq3
                0x100001cc                isr_irq14
                0x100001cc                isr_irq9
                0x100001d2                unhandled_user_irq_num_in_r0
 *(.binary_info_header)
 .binary_info_header
                0x100001d4       0x14 CMakeFiles/pio_ws2812.dir/C_/Program_Files/Raspberry_Pi/Pico_SDK_v1.5.0/pico-sdk/src/rp2_common/pico_standard_link/crt0.S.obj
                0x100001e8                __binary_info_header_end = .
 *(.reset)
 .reset         0x100001e8       0xa0 CMakeFiles/pio_ws2812.dir/C_/Program_Files/Raspberry_Pi/Pico_SDK_v1.5.0/pico-sdk/src/rp2_common/pico_standard_link/crt0.S.obj
                0x100001e8                _entry_point
 .reset         0x10000288       0x30 CMakeFiles/pio_ws2812.dir/C_/Program_Files/Raspberry_Pi/Pico_SDK_v1.5.0/pico-sdk/src/rp2_common/pico_standard_link/binary_info.c.obj
 *(.init)
 .init          0x100002b8        0x4 c:/progra~1/raspbe~1/picosd~1.0/gcc-ar~1/bin/../lib/gcc/arm-none-eabi/10.3.1/thumb/v6-m/nofp/crti.o
                0x100002b8                _init
 *(EXCLUDE_FILE(*libm.a: *libc.a:*lib_a-mem*.o *libgcc.a:) .text*)
 .text          0x100002bc       0x48 c:/progra~1/raspbe~1/picosd~1.0/gcc-ar~1/bin/../lib/gcc/arm-none-eabi/10.3.1/thumb/v6-m/nofp/crtbegin.o
 .text.strips_tx
                0x10000304       0x2c CMakeFiles/pio_ws2812.dir/main.c.obj
                0x10000304                strips_tx
 .text.strips_reset
                0x10000330       0x1c CMakeFiles/pio_ws2812.dir/main.c.obj
                0x10000330                strips_reset
 .text.deg2rad  0x1000034c       0x28 CMakeFiles/pio_ws2812.dir/main.c.obj
                0x1000034c                deg2rad
 .text.rand_ptrn
                0x10000374       0x52 CMakeFiles/pio_ws2812.dir/main.c.obj
                0x10000374                rand_ptrn
 *fill*         0x100003c6        0x2 
 .text.sinusbue
                0x100003c8      0x10c CMakeFiles/pio_ws2812.dir/main.c.obj
                0x100003c8                sinusbue
 .text.sinusbue_r
                0x100004d4      0x10c CMakeFiles/pio_ws2812.dir/main.c.obj
                0x100004d4                sinusbue_r
 .text.tx_pump  0x100005e0       0x44 CMakeFiles/pio_ws2812.dir/main.c.obj
                0x100005e0                tx_pump
 .text.main     0x10000624      0x128 CMakeFiles/pio_ws2812.dir/main.c.obj
                0x10000624                main
 .text.strip_reset
                0x1000074c        0x8 CMakeFiles/pio_ws2812.dir/ws2812.c.obj
                0x1000074c                strip_reset
 .text.strip_tx
                0x10000754       0x54 CMakeFiles/pio_ws2812.dir/ws2812.c.obj
                0x10000754                strip_tx
 .text.ws2812_init
                0x100007a8      0x160 CMakeFiles/pio_ws2812.dir/ws2812.c.obj
                0x100007a8                ws2812_init
 .text.strip_init
                0x10000908       0x28 CMakeFiles/pio_ws2812.dir/ws2812.c.obj
                0x10000908                strip_init
 .text.gpio_set_function
                0x10000930       0x30 CMakeFiles/pio_ws2812.dir/C_/Program_Files/Raspberry_Pi/Pico_SDK_v1.5.0/pico-sdk/src/rp2_common/hardware_gpio/gpio.c.obj
                0x10000930                gpio_set_function
 .text.running_on_fpga
                0x10000960       0x14 CMakeFiles/pio_ws2812.dir/C_/Program_Files/Raspberry_Pi/Pico_SDK_v1.5.0/pico-sdk/src/rp2_common/pico_platform/platform.c.obj
                0x10000960                running_on_fpga
 .text.hw_claim_lock
                0x10000974       0x18 CMakeFiles/pio_ws2812.dir/C_/Program_Files/Raspberry_Pi/Pico_SDK_v1.5.0/pico-sdk/src/rp2_common/hardware_claim/claim.c.obj
                0x10000974                hw_claim_lock
 .text.hw_claim_unlock
                0x1000098c       0x14 CMakeFiles/pio_ws2812.dir/C_/Program_Files/Raspberry_Pi/Pico_SDK_v1.5.0/pico-sdk/src/rp2_common/hardware_claim/claim.c.obj
                0x1000098c                hw_claim_unlock
 .text.hw_claim_or_assert
                0x100009a0       0x32 CMakeFiles/pio_ws2812.dir/C_/Program_Files/Raspberry_Pi/Pico_SDK_v1.5.0/pico-sdk/src/rp2_common/hardware_claim/claim.c.obj
                0x100009a0                hw_claim_or_assert
 .text.hw_claim_unused_from_range
                0x100009d2       0x50 CMakeFiles/pio_ws2812.dir/C_/Program_Files/Raspberry_Pi/Pico_SDK_v1.5.0/pico-sdk/src/rp2_common/hardware_claim/claim.c.obj
                0x100009d2                hw_claim_unused_from_range
 *fill*         0x10000a22        0x2 
 .text.spin_locks_reset
                0x10000a24       0x20 CMakeFiles/pio_ws2812.dir/C_/Program_Files/Raspberry_Pi/Pico_SDK_v1.5.0/pico-sdk/src/rp2_common/hardware_sync/sync.c.obj
                0x10000a24                spin_locks_reset
 .text.next_striped_spin_lock_num
                0x10000a44       0x1c CMakeFiles/pio_ws2812.dir/C_/Program_Files/Raspberry_Pi/Pico_SDK_v1.5.0/pico-sdk/src/rp2_common/hardware_sync/sync.c.obj
                0x10000a44                next_striped_spin_lock_num
 .text.spin_lock_claim_unused
                0x10000a60       0x20 CMakeFiles/pio_ws2812.dir/C_/Program_Files/Raspberry_Pi/Pico_SDK_v1.5.0/pico-sdk/src/rp2_common/hardware_sync/sync.c.obj
                0x10000a60                spin_lock_claim_unused
 .text.set_raw_irq_handler_and_unlock
                0x10000a80       0x28 CMakeFiles/pio_ws2812.dir/C_/Program_Files/Raspberry_Pi/Pico_SDK_v1.5.0/pico-sdk/src/rp2_common/hardware_irq/irq.c.obj
 .text.make_branch
                0x10000aa8       0x48 CMakeFiles/pio_ws2812.dir/C_/Program_Files/Raspberry_Pi/Pico_SDK_v1.5.0/pico-sdk/src/rp2_common/hardware_irq/irq.c.obj
 .text.insert_branch_and_link
                0x10000af0       0x40 CMakeFiles/pio_ws2812.dir/C_/Program_Files/Raspberry_Pi/Pico_SDK_v1.5.0/pico-sdk/src/rp2_common/hardware_irq/irq.c.obj
 .text.irq_is_enabled
                0x10000b30       0x18 CMakeFiles/pio_ws2812.dir/C_/Program_Files/Raspberry_Pi/Pico_SDK_v1.5.0/pico-sdk/src/rp2_common/hardware_irq/irq.c.obj
                0x10000b30                irq_is_enabled
 .text.irq_set_mask_enabled
                0x10000b48       0x20 CMakeFiles/pio_ws2812.dir/C_/Program_Files/Raspberry_Pi/Pico_SDK_v1.5.0/pico-sdk/src/rp2_common/hardware_irq/irq.c.obj
                0x10000b48                irq_set_mask_enabled
 .text.irq_set_enabled
                0x10000b68        0xe CMakeFiles/pio_ws2812.dir/C_/Program_Files/Raspberry_Pi/Pico_SDK_v1.5.0/pico-sdk/src/rp2_common/hardware_irq/irq.c.obj
                0x10000b68                irq_set_enabled
 *fill*         0x10000b76        0x2 
 .text.irq_set_pending
                0x10000b78       0x10 CMakeFiles/pio_ws2812.dir/C_/Program_Files/Raspberry_Pi/Pico_SDK_v1.5.0/pico-sdk/src/rp2_common/hardware_irq/irq.c.obj
                0x10000b78                irq_set_pending
 .text.irq_get_vtable_handler
                0x10000b88       0x10 CMakeFiles/pio_ws2812.dir/C_/Program_Files/Raspberry_Pi/Pico_SDK_v1.5.0/pico-sdk/src/rp2_common/hardware_irq/irq.c.obj
                0x10000b88                irq_get_vtable_handler
 .text.irq_has_shared_handler
                0x10000b98       0x24 CMakeFiles/pio_ws2812.dir/C_/Program_Files/Raspberry_Pi/Pico_SDK_v1.5.0/pico-sdk/src/rp2_common/hardware_irq/irq.c.obj
                0x10000b98                irq_has_shared_handler
 .text.irq_set_exclusive_handler
                0x10000bbc       0x54 CMakeFiles/pio_ws2812.dir/C_/Program_Files/Raspberry_Pi/Pico_SDK_v1.5.0/pico-sdk/src/rp2_common/hardware_irq/irq.c.obj
                0x10000bbc                irq_set_exclusive_handler
 .text.irq_add_shared_handler
                0x10000c10      0x234 CMakeFiles/pio_ws2812.dir/C_/Program_Files/Raspberry_Pi/Pico_SDK_v1.5.0/pico-sdk/src/rp2_common/hardware_irq/irq.c.obj
                0x10000c10                irq_add_shared_handler
 .text.irq_remove_handler
                0x10000e44      0x1ac CMakeFiles/pio_ws2812.dir/C_/Program_Files/Raspberry_Pi/Pico_SDK_v1.5.0/pico-sdk/src/rp2_common/hardware_irq/irq.c.obj
                0x10000e44                irq_remove_handler
 .text.irq_add_tail_to_free_list
                0x10000ff0       0xf0 CMakeFiles/pio_ws2812.dir/C_/Program_Files/Raspberry_Pi/Pico_SDK_v1.5.0/pico-sdk/src/rp2_common/hardware_irq/irq.c.obj
                0x10000ff0                irq_add_tail_to_free_list
 .text.irq_init_priorities
                0x100010e0       0x1c CMakeFiles/pio_ws2812.dir/C_/Program_Files/Raspberry_Pi/Pico_SDK_v1.5.0/pico-sdk/src/rp2_common/hardware_irq/irq.c.obj
                0x100010e0                irq_init_priorities
 .text.user_irq_claim_unused
                0x100010fc       0x28 CMakeFiles/pio_ws2812.dir/C_/Program_Files/Raspberry_Pi/Pico_SDK_v1.5.0/pico-sdk/src/rp2_common/hardware_irq/irq.c.obj
                0x100010fc                user_irq_claim_unused
 .text.lock_init
                0x10001124       0x10 CMakeFiles/pio_ws2812.dir/C_/Program_Files/Raspberry_Pi/Pico_SDK_v1.5.0/pico-sdk/src/common/pico_sync/lock_core.c.obj
                0x10001124                lock_init
 .text.mutex_init
                0x10001134       0x1a CMakeFiles/pio_ws2812.dir/C_/Program_Files/Raspberry_Pi/Pico_SDK_v1.5.0/pico-sdk/src/common/pico_sync/mutex.c.obj
                0x10001134                mutex_init
 .text.recursive_mutex_init
                0x1000114e       0x1e CMakeFiles/pio_ws2812.dir/C_/Program_Files/Raspberry_Pi/Pico_SDK_v1.5.0/pico-sdk/src/common/pico_sync/mutex.c.obj
                0x1000114e                recursive_mutex_init
 .text.critical_section_init_with_lock_num
                0x1000116c       0x14 CMakeFiles/pio_ws2812.dir/C_/Program_Files/Raspberry_Pi/Pico_SDK_v1.5.0/pico-sdk/src/common/pico_sync/critical_section.c.obj
                0x1000116c                critical_section_init_with_lock_num
 .text.critical_section_init
                0x10001180       0x14 CMakeFiles/pio_ws2812.dir/C_/Program_Files/Raspberry_Pi/Pico_SDK_v1.5.0/pico-sdk/src/common/pico_sync/critical_section.c.obj
                0x10001180                critical_section_init
 .text.alarm_pool_post_alloc_init
                0x10001194       0x40 CMakeFiles/pio_ws2812.dir/C_/Program_Files/Raspberry_Pi/Pico_SDK_v1.5.0/pico-sdk/src/common/pico_time/time.c.obj
 .text.sleep_until_callback
                0x100011d4       0x30 CMakeFiles/pio_ws2812.dir/C_/Program_Files/Raspberry_Pi/Pico_SDK_v1.5.0/pico-sdk/src/common/pico_time/time.c.obj
 .text.timer_pool_entry_comparator
                0x10001204       0x7c CMakeFiles/pio_ws2812.dir/C_/Program_Files/Raspberry_Pi/Pico_SDK_v1.5.0/pico-sdk/src/common/pico_time/time.c.obj
                0x10001204                timer_pool_entry_comparator
 .text.ph_add_child_node
                0x10001280       0xa4 CMakeFiles/pio_ws2812.dir/C_/Program_Files/Raspberry_Pi/Pico_SDK_v1.5.0/pico-sdk/src/common/pico_time/time.c.obj
 .text.ph_merge_nodes
                0x10001324       0x3e CMakeFiles/pio_ws2812.dir/C_/Program_Files/Raspberry_Pi/Pico_SDK_v1.5.0/pico-sdk/src/common/pico_time/time.c.obj
 *fill*         0x10001362        0x2 
 .text.add_alarm_under_lock
                0x10001364      0x174 CMakeFiles/pio_ws2812.dir/C_/Program_Files/Raspberry_Pi/Pico_SDK_v1.5.0/pico-sdk/src/common/pico_time/time.c.obj
 .text.alarm_pool_alarm_callback
                0x100014d8      0x33c CMakeFiles/pio_ws2812.dir/C_/Program_Files/Raspberry_Pi/Pico_SDK_v1.5.0/pico-sdk/src/common/pico_time/time.c.obj
 .text.alarm_pool_init_default
                0x10001814       0x40 CMakeFiles/pio_ws2812.dir/C_/Program_Files/Raspberry_Pi/Pico_SDK_v1.5.0/pico-sdk/src/common/pico_time/time.c.obj
                0x10001814                alarm_pool_init_default
 .text.alarm_pool_get_default
                0x10001854       0x2c CMakeFiles/pio_ws2812.dir/C_/Program_Files/Raspberry_Pi/Pico_SDK_v1.5.0/pico-sdk/src/common/pico_time/time.c.obj
                0x10001854                alarm_pool_get_default
 .text.alarm_pool_add_alarm_at
                0x10001880      0x168 CMakeFiles/pio_ws2812.dir/C_/Program_Files/Raspberry_Pi/Pico_SDK_v1.5.0/pico-sdk/src/common/pico_time/time.c.obj
                0x10001880                alarm_pool_add_alarm_at
 .text.alarm_pool_cancel_alarm
                0x100019e8       0xf0 CMakeFiles/pio_ws2812.dir/C_/Program_Files/Raspberry_Pi/Pico_SDK_v1.5.0/pico-sdk/src/common/pico_time/time.c.obj
                0x100019e8                alarm_pool_cancel_alarm
 .text.alarm_pool_core_num
                0x10001ad8        0x4 CMakeFiles/pio_ws2812.dir/C_/Program_Files/Raspberry_Pi/Pico_SDK_v1.5.0/pico-sdk/src/common/pico_time/time.c.obj
                0x10001ad8                alarm_pool_core_num
 .text.best_effort_wfe_or_timeout
                0x10001adc       0xac CMakeFiles/pio_ws2812.dir/C_/Program_Files/Raspberry_Pi/Pico_SDK_v1.5.0/pico-sdk/src/common/pico_time/time.c.obj
                0x10001adc                best_effort_wfe_or_timeout
 .text.hardware_alarm_irq_handler
                0x10001b88       0x90 CMakeFiles/pio_ws2812.dir/C_/Program_Files/Raspberry_Pi/Pico_SDK_v1.5.0/pico-sdk/src/rp2_common/hardware_timer/timer.c.obj
 .text.hardware_alarm_claim
                0x10001c18       0x18 CMakeFiles/pio_ws2812.dir/C_/Program_Files/Raspberry_Pi/Pico_SDK_v1.5.0/pico-sdk/src/rp2_common/hardware_timer/timer.c.obj
                0x10001c18                hardware_alarm_claim
 .text.time_us_64
                0x10001c30       0x18 CMakeFiles/pio_ws2812.dir/C_/Program_Files/Raspberry_Pi/Pico_SDK_v1.5.0/pico-sdk/src/rp2_common/hardware_timer/timer.c.obj
                0x10001c30                time_us_64
 .text.hardware_alarm_set_callback
                0x10001c48       0x90 CMakeFiles/pio_ws2812.dir/C_/Program_Files/Raspberry_Pi/Pico_SDK_v1.5.0/pico-sdk/src/rp2_common/hardware_timer/timer.c.obj
                0x10001c48                hardware_alarm_set_callback
 .text.hardware_alarm_set_target
                0x10001cd8       0xe8 CMakeFiles/pio_ws2812.dir/C_/Program_Files/Raspberry_Pi/Pico_SDK_v1.5.0/pico-sdk/src/rp2_common/hardware_timer/timer.c.obj
                0x10001cd8                hardware_alarm_set_target
 .text.hardware_alarm_cancel
                0x10001dc0       0x40 CMakeFiles/pio_ws2812.dir/C_/Program_Files/Raspberry_Pi/Pico_SDK_v1.5.0/pico-sdk/src/rp2_common/hardware_timer/timer.c.obj
                0x10001dc0                hardware_alarm_cancel
 .text.ph_add_child_node
                0x10001e00       0xa4 CMakeFiles/pio_ws2812.dir/C_/Program_Files/Raspberry_Pi/Pico_SDK_v1.5.0/pico-sdk/src/common/pico_util/pheap.c.obj
 .text.ph_merge_nodes
                0x10001ea4       0x3e CMakeFiles/pio_ws2812.dir/C_/Program_Files/Raspberry_Pi/Pico_SDK_v1.5.0/pico-sdk/src/common/pico_util/pheap.c.obj
 *fill*         0x10001ee2        0x2 
 .text.ph_clear
                0x10001ee4       0x70 CMakeFiles/pio_ws2812.dir/C_/Program_Files/Raspberry_Pi/Pico_SDK_v1.5.0/pico-sdk/src/common/pico_util/pheap.c.obj
                0x10001ee4                ph_clear
 .text.ph_post_alloc_init
                0x10001f54        0xe CMakeFiles/pio_ws2812.dir/C_/Program_Files/Raspberry_Pi/Pico_SDK_v1.5.0/pico-sdk/src/common/pico_util/pheap.c.obj
                0x10001f54                ph_post_alloc_init
 *fill*         0x10001f62        0x2 
 .text.ph_merge_two_pass
                0x10001f64       0xa8 CMakeFiles/pio_ws2812.dir/C_/Program_Files/Raspberry_Pi/Pico_SDK_v1.5.0/pico-sdk/src/common/pico_util/pheap.c.obj
                0x10001f64                ph_merge_two_pass
 .text.ph_remove_any_head
                0x1000200c      0x128 CMakeFiles/pio_ws2812.dir/C_/Program_Files/Raspberry_Pi/Pico_SDK_v1.5.0/pico-sdk/src/common/pico_util/pheap.c.obj
 .text.ph_remove_head
                0x10002134       0x14 CMakeFiles/pio_ws2812.dir/C_/Program_Files/Raspberry_Pi/Pico_SDK_v1.5.0/pico-sdk/src/common/pico_util/pheap.c.obj
                0x10002134                ph_remove_head
 .text.ph_remove_and_free_node
                0x10002148       0xf8 CMakeFiles/pio_ws2812.dir/C_/Program_Files/Raspberry_Pi/Pico_SDK_v1.5.0/pico-sdk/src/common/pico_util/pheap.c.obj
                0x10002148                ph_remove_and_free_node
 .text.clock_configure
                0x10002240      0x104 CMakeFiles/pio_ws2812.dir/C_/Program_Files/Raspberry_Pi/Pico_SDK_v1.5.0/pico-sdk/src/rp2_common/hardware_clocks/clocks.c.obj
                0x10002240                clock_configure
 .text.clocks_init
                0x10002344      0x100 CMakeFiles/pio_ws2812.dir/C_/Program_Files/Raspberry_Pi/Pico_SDK_v1.5.0/pico-sdk/src/rp2_common/hardware_clocks/clocks.c.obj
                0x10002344                clocks_init
 .text.clock_get_hz
                0x10002444        0xc CMakeFiles/pio_ws2812.dir/C_/Program_Files/Raspberry_Pi/Pico_SDK_v1.5.0/pico-sdk/src/rp2_common/hardware_clocks/clocks.c.obj
                0x10002444                clock_get_hz
 .text.pll_init
                0x10002450      0x12c CMakeFiles/pio_ws2812.dir/C_/Program_Files/Raspberry_Pi/Pico_SDK_v1.5.0/pico-sdk/src/rp2_common/hardware_pll/pll.c.obj
                0x10002450                pll_init
 .text.watchdog_start_tick
                0x1000257c       0x10 CMakeFiles/pio_ws2812.dir/C_/Program_Files/Raspberry_Pi/Pico_SDK_v1.5.0/pico-sdk/src/rp2_common/hardware_watchdog/watchdog.c.obj
                0x1000257c                watchdog_start_tick
 .text.watchdog_update
                0x1000258c       0x14 CMakeFiles/pio_ws2812.dir/C_/Program_Files/Raspberry_Pi/Pico_SDK_v1.5.0/pico-sdk/src/rp2_common/hardware_watchdog/watchdog.c.obj
                0x1000258c                watchdog_update
 .text._watchdog_enable
                0x100025a0       0x78 CMakeFiles/pio_ws2812.dir/C_/Program_Files/Raspberry_Pi/Pico_SDK_v1.5.0/pico-sdk/src/rp2_common/hardware_watchdog/watchdog.c.obj
                0x100025a0                _watchdog_enable
 .text.watchdog_reboot
                0x10002618       0x48 CMakeFiles/pio_ws2812.dir/C_/Program_Files/Raspberry_Pi/Pico_SDK_v1.5.0/pico-sdk/src/rp2_common/hardware_watchdog/watchdog.c.obj
                0x10002618                watchdog_reboot
 .text.xosc_init
                0x10002660       0x28 CMakeFiles/pio_ws2812.dir/C_/Program_Files/Raspberry_Pi/Pico_SDK_v1.5.0/pico-sdk/src/rp2_common/hardware_xosc/xosc.c.obj
                0x10002660                xosc_init
 .text._exit    0x10002688        0x4 CMakeFiles/pio_ws2812.dir/C_/Program_Files/Raspberry_Pi/Pico_SDK_v1.5.0/pico-sdk/src/rp2_common/pico_runtime/runtime.c.obj
                0x10002688                _exit
 .text.exit     0x1000268c        0x6 CMakeFiles/pio_ws2812.dir/C_/Program_Files/Raspberry_Pi/Pico_SDK_v1.5.0/pico-sdk/src/rp2_common/pico_runtime/runtime.c.obj
                0x1000268c                exit
 *fill*         0x10002692        0x2 
 .text.__assert_func
                0x10002694       0x3c CMakeFiles/pio_ws2812.dir/C_/Program_Files/Raspberry_Pi/Pico_SDK_v1.5.0/pico-sdk/src/rp2_common/pico_runtime/runtime.c.obj
                0x10002694                __assert_func
 .text.runtime_init
                0x100026d0       0xf8 CMakeFiles/pio_ws2812.dir/C_/Program_Files/Raspberry_Pi/Pico_SDK_v1.5.0/pico-sdk/src/rp2_common/pico_runtime/runtime.c.obj
                0x100026d0                runtime_init
 .text.panic    0x100027c8       0x30 CMakeFiles/pio_ws2812.dir/C_/Program_Files/Raspberry_Pi/Pico_SDK_v1.5.0/pico-sdk/src/rp2_common/pico_runtime/runtime.c.obj
                0x100027c8                panic
 .text._out_null
                0x100027f8        0x2 CMakeFiles/pio_ws2812.dir/C_/Program_Files/Raspberry_Pi/Pico_SDK_v1.5.0/pico-sdk/src/rp2_common/pico_printf/printf.c.obj
 .text._out_fct
                0x100027fa        0xe CMakeFiles/pio_ws2812.dir/C_/Program_Files/Raspberry_Pi/Pico_SDK_v1.5.0/pico-sdk/src/rp2_common/pico_printf/printf.c.obj
 .text._atoi    0x10002808       0x24 CMakeFiles/pio_ws2812.dir/C_/Program_Files/Raspberry_Pi/Pico_SDK_v1.5.0/pico-sdk/src/rp2_common/pico_printf/printf.c.obj
 .text._out_rev
                0x1000282c       0xae CMakeFiles/pio_ws2812.dir/C_/Program_Files/Raspberry_Pi/Pico_SDK_v1.5.0/pico-sdk/src/rp2_common/pico_printf/printf.c.obj
 .text._ntoa_format
                0x100028da      0x112 CMakeFiles/pio_ws2812.dir/C_/Program_Files/Raspberry_Pi/Pico_SDK_v1.5.0/pico-sdk/src/rp2_common/pico_printf/printf.c.obj
 .text._ntoa_long
                0x100029ec       0xbc CMakeFiles/pio_ws2812.dir/C_/Program_Files/Raspberry_Pi/Pico_SDK_v1.5.0/pico-sdk/src/rp2_common/pico_printf/printf.c.obj
 .text._ntoa_long_long
                0x10002aa8       0xe2 CMakeFiles/pio_ws2812.dir/C_/Program_Files/Raspberry_Pi/Pico_SDK_v1.5.0/pico-sdk/src/rp2_common/pico_printf/printf.c.obj
 *fill*         0x10002b8a        0x2 
 .text._etoa    0x10002b8c      0x414 CMakeFiles/pio_ws2812.dir/C_/Program_Files/Raspberry_Pi/Pico_SDK_v1.5.0/pico-sdk/src/rp2_common/pico_printf/printf.c.obj
 .text._ftoa    0x10002fa0      0x354 CMakeFiles/pio_ws2812.dir/C_/Program_Files/Raspberry_Pi/Pico_SDK_v1.5.0/pico-sdk/src/rp2_common/pico_printf/printf.c.obj
 .text._vsnprintf
                0x100032f4      0x624 CMakeFiles/pio_ws2812.dir/C_/Program_Files/Raspberry_Pi/Pico_SDK_v1.5.0/pico-sdk/src/rp2_common/pico_printf/printf.c.obj
 .text.vfctprintf
                0x10003918       0x20 CMakeFiles/pio_ws2812.dir/C_/Program_Files/Raspberry_Pi/Pico_SDK_v1.5.0/pico-sdk/src/rp2_common/pico_printf/printf.c.obj
                0x10003918                vfctprintf
 .text          0x10003938       0x10 CMakeFiles/pio_ws2812.dir/C_/Program_Files/Raspberry_Pi/Pico_SDK_v1.5.0/pico-sdk/src/rp2_common/pico_bit_ops/bit_ops_aeabi.S.obj
 .text.rom_func_lookup
                0x10003948       0x10 CMakeFiles/pio_ws2812.dir/C_/Program_Files/Raspberry_Pi/Pico_SDK_v1.5.0/pico-sdk/src/rp2_common/pico_bootrom/bootrom.c.obj
                0x10003948                rom_func_lookup
 .text.rom_data_lookup
                0x10003958       0x10 CMakeFiles/pio_ws2812.dir/C_/Program_Files/Raspberry_Pi/Pico_SDK_v1.5.0/pico-sdk/src/rp2_common/pico_bootrom/bootrom.c.obj
                0x10003958                rom_data_lookup
 .text.rom_funcs_lookup
                0x10003968       0x36 CMakeFiles/pio_ws2812.dir/C_/Program_Files/Raspberry_Pi/Pico_SDK_v1.5.0/pico-sdk/src/rp2_common/pico_bootrom/bootrom.c.obj
                0x10003968                rom_funcs_lookup
 *fill*         0x1000399e        0x2 
 .text.__wrap___aeabi_idiv
                0x100039a0       0x50 CMakeFiles/pio_ws2812.dir/C_/Program_Files/Raspberry_Pi/Pico_SDK_v1.5.0/pico-sdk/src/rp2_common/pico_divider/divider.S.obj
                0x100039a0                __wrap___aeabi_idivmod
                0x100039a0                divmod_s32s32
                0x100039a0                div_s32s32
                0x100039a0                __wrap___aeabi_idiv
                0x100039a8                divmod_s32s32_unsafe
                0x100039d4                divmod_s32s32_savestate
 .text.__wrap___aeabi_uidiv
                0x100039f0       0x4c CMakeFiles/pio_ws2812.dir/C_/Program_Files/Raspberry_Pi/Pico_SDK_v1.5.0/pico-sdk/src/rp2_common/pico_divider/divider.S.obj
                0x100039f0                __wrap___aeabi_uidiv
                0x100039f0                __wrap___aeabi_uidivmod
                0x100039f0                div_u32u32
                0x100039f0                divmod_u32u32
                0x100039f8                divmod_u32u32_unsafe
                0x10003a20                divmod_u32u32_savestate
 .text.__wrap___aeabi_ldiv
                0x10003a3c      0x424 CMakeFiles/pio_ws2812.dir/C_/Program_Files/Raspberry_Pi/Pico_SDK_v1.5.0/pico-sdk/src/rp2_common/pico_divider/divider.S.obj
                0x10003a3c                div_s64s64
                0x10003a3c                divmod_s64s64
                0x10003a3c                __wrap___aeabi_ldivmod
                0x10003a6c                divmod_u64u64
                0x10003a6c                div_u64u64
                0x10003a6c                __wrap___aeabi_uldivmod
                0x10003a7c                divmod_u64u64_savestate
                0x10003a9c                divmod_s64s64_unsafe
                0x10003b24                divmod_u64u64_unsafe
 .text.__wrap___aeabi_darithmetic
                0x10003e60       0x60 CMakeFiles/pio_ws2812.dir/C_/Program_Files/Raspberry_Pi/Pico_SDK_v1.5.0/pico-sdk/src/rp2_common/pico_double/double_aeabi.S.obj
                0x10003e60                __wrap___aeabi_drsub
                0x10003e66                __wrap___aeabi_dsub
                0x10003e70                __wrap___aeabi_dadd
                0x10003e7a                __wrap___aeabi_ddiv
                0x10003eae                __wrap___aeabi_dmul
 .text.__wrap___aeabi_cdcmple
                0x10003ec0       0x6c CMakeFiles/pio_ws2812.dir/C_/Program_Files/Raspberry_Pi/Pico_SDK_v1.5.0/pico-sdk/src/rp2_common/pico_double/double_aeabi.S.obj
                0x10003ec0                __wrap___aeabi_cdrcmple
                0x10003ed0                __wrap___aeabi_cdcmpeq
                0x10003ed0                __wrap___aeabi_cdcmple
 .text.__wrap___aeabi_dcmplt
                0x10003f2c        0xc CMakeFiles/pio_ws2812.dir/C_/Program_Files/Raspberry_Pi/Pico_SDK_v1.5.0/pico-sdk/src/rp2_common/pico_double/double_aeabi.S.obj
                0x10003f2c                __wrap___aeabi_dcmplt
 .text.__wrap___aeabi_dcmple
                0x10003f38       0x10 CMakeFiles/pio_ws2812.dir/C_/Program_Files/Raspberry_Pi/Pico_SDK_v1.5.0/pico-sdk/src/rp2_common/pico_double/double_aeabi.S.obj
                0x10003f38                __wrap___aeabi_dcmple
 .text.__wrap___aeabi_dcmpge
                0x10003f48       0x10 CMakeFiles/pio_ws2812.dir/C_/Program_Files/Raspberry_Pi/Pico_SDK_v1.5.0/pico-sdk/src/rp2_common/pico_double/double_aeabi.S.obj
                0x10003f48                __wrap___aeabi_dcmpge
 .text.__wrap___aeabi_dcmpgt
                0x10003f58        0xa CMakeFiles/pio_ws2812.dir/C_/Program_Files/Raspberry_Pi/Pico_SDK_v1.5.0/pico-sdk/src/rp2_common/pico_double/double_aeabi.S.obj
                0x10003f58                __wrap___aeabi_dcmpgt
 .text.__wrap___aeabi_dcmpun
                0x10003f62       0x1c CMakeFiles/pio_ws2812.dir/C_/Program_Files/Raspberry_Pi/Pico_SDK_v1.5.0/pico-sdk/src/rp2_common/pico_double/double_aeabi.S.obj
                0x10003f62                __wrap___aeabi_dcmpun
 *fill*         0x10003f7e        0x2 
 .text.__wrap___aeabi_i2d
                0x10003f80       0x38 CMakeFiles/pio_ws2812.dir/C_/Program_Files/Raspberry_Pi/Pico_SDK_v1.5.0/pico-sdk/src/rp2_common/pico_double/double_aeabi.S.obj
                0x10003f80                __wrap___aeabi_ui2d
                0x10003f88                __wrap___aeabi_i2d
 .text.__wrap___aeabi_d2iz
                0x10003fb8       0x48 CMakeFiles/pio_ws2812.dir/C_/Program_Files/Raspberry_Pi/Pico_SDK_v1.5.0/pico-sdk/src/rp2_common/pico_double/double_aeabi.S.obj
                0x10003fb8                double2int_z
                0x10003fb8                __wrap___aeabi_d2iz
 .text.__wrap___aeabi_d2uiz
                0x10004000       0x10 CMakeFiles/pio_ws2812.dir/C_/Program_Files/Raspberry_Pi/Pico_SDK_v1.5.0/pico-sdk/src/rp2_common/pico_double/double_aeabi.S.obj
                0x10004000                __wrap___aeabi_d2uiz
                0x10004000                double2uint
 .text.fix642double
                0x10004010       0x10 CMakeFiles/pio_ws2812.dir/C_/Program_Files/Raspberry_Pi/Pico_SDK_v1.5.0/pico-sdk/src/rp2_common/pico_double/double_aeabi.S.obj
                0x10004010                fix642double
 .text.__wrap___aeabi_d2f
                0x10004020       0x10 CMakeFiles/pio_ws2812.dir/C_/Program_Files/Raspberry_Pi/Pico_SDK_v1.5.0/pico-sdk/src/rp2_common/pico_double/double_aeabi.S.obj
                0x10004020                __wrap___aeabi_d2f
 .text.__wrap_sincostan_remainder
                0x10004030       0x14 CMakeFiles/pio_ws2812.dir/C_/Program_Files/Raspberry_Pi/Pico_SDK_v1.5.0/pico-sdk/src/rp2_common/pico_double/double_aeabi.S.obj
                0x10004030                sincostan_remainder
 .text.__wrap_sin
                0x10004044       0x24 CMakeFiles/pio_ws2812.dir/C_/Program_Files/Raspberry_Pi/Pico_SDK_v1.5.0/pico-sdk/src/rp2_common/pico_double/double_aeabi.S.obj
                0x10004044                __wrap_sin
 .text.missing_double_func_shim
                0x10004068        0xc CMakeFiles/pio_ws2812.dir/C_/Program_Files/Raspberry_Pi/Pico_SDK_v1.5.0/pico-sdk/src/rp2_common/pico_double/double_init_rom.c.obj
 .text.__aeabi_double_init
                0x10004074       0xcc CMakeFiles/pio_ws2812.dir/C_/Program_Files/Raspberry_Pi/Pico_SDK_v1.5.0/pico-sdk/src/rp2_common/pico_double/double_init_rom.c.obj
                0x10004074                __aeabi_double_init
 .text.drem_0   0x10004140      0x130 CMakeFiles/pio_ws2812.dir/C_/Program_Files/Raspberry_Pi/Pico_SDK_v1.5.0/pico-sdk/src/rp2_common/pico_double/double_math.c.obj
 .text.__wrap_remquo
                0x10004270      0x17c CMakeFiles/pio_ws2812.dir/C_/Program_Files/Raspberry_Pi/Pico_SDK_v1.5.0/pico-sdk/src/rp2_common/pico_double/double_math.c.obj
                0x10004270                __wrap_remquo
 .text.__wrap_remainder
                0x100043ec       0x10 CMakeFiles/pio_ws2812.dir/C_/Program_Files/Raspberry_Pi/Pico_SDK_v1.5.0/pico-sdk/src/rp2_common/pico_double/double_math.c.obj
                0x100043ec                __wrap_remainder
 .text.double_table_shim_on_use_helper
                0x100043fc       0x34 CMakeFiles/pio_ws2812.dir/C_/Program_Files/Raspberry_Pi/Pico_SDK_v1.5.0/pico-sdk/src/rp2_common/pico_double/double_v1_rom_shim.S.obj
                0x100043fc                double_table_shim_on_use_helper
 .text.__aeabi_lmul
                0x10004430       0x32 CMakeFiles/pio_ws2812.dir/C_/Program_Files/Raspberry_Pi/Pico_SDK_v1.5.0/pico-sdk/src/rp2_common/pico_int64_ops/pico_int64_ops_aeabi.S.obj
                0x10004430                __wrap___aeabi_lmul
 *fill*         0x10004462        0x2 
 .text.__wrap___aeabi_farithmetic
                0x10004464       0x48 CMakeFiles/pio_ws2812.dir/C_/Program_Files/Raspberry_Pi/Pico_SDK_v1.5.0/pico-sdk/src/rp2_common/pico_float/float_aeabi.S.obj
                0x10004464                __wrap___aeabi_frsub
                0x1000446a                __wrap___aeabi_fsub
                0x10004470                __wrap___aeabi_fadd
                0x10004476                __wrap___aeabi_fdiv
                0x1000449e                __wrap___aeabi_fmul
 .text.__wrap___aeabi_ui2f
                0x100044ac        0xa CMakeFiles/pio_ws2812.dir/C_/Program_Files/Raspberry_Pi/Pico_SDK_v1.5.0/pico-sdk/src/rp2_common/pico_float/float_aeabi.S.obj
                0x100044ac                __wrap___aeabi_ui2f
 *fill*         0x100044b6        0x2 
 .text.__wrap___aeabi_i2f
                0x100044b8       0x44 CMakeFiles/pio_ws2812.dir/C_/Program_Files/Raspberry_Pi/Pico_SDK_v1.5.0/pico-sdk/src/rp2_common/pico_float/float_aeabi.S.obj
                0x100044b8                __wrap___aeabi_i2f
 .text.__wrap___aeabi_f2uiz
                0x100044fc        0xc CMakeFiles/pio_ws2812.dir/C_/Program_Files/Raspberry_Pi/Pico_SDK_v1.5.0/pico-sdk/src/rp2_common/pico_float/float_aeabi.S.obj
                0x100044fc                __wrap___aeabi_f2uiz
 .text.__wrap___aeabi_f2d
                0x10004508        0xc CMakeFiles/pio_ws2812.dir/C_/Program_Files/Raspberry_Pi/Pico_SDK_v1.5.0/pico-sdk/src/rp2_common/pico_float/float_aeabi.S.obj
                0x10004508                __wrap___aeabi_f2d
 .text.missing_float_func_shim
                0x10004514        0xc CMakeFiles/pio_ws2812.dir/C_/Program_Files/Raspberry_Pi/Pico_SDK_v1.5.0/pico-sdk/src/rp2_common/pico_float/float_init_rom.c.obj
 .text.__aeabi_float_init
                0x10004520       0x88 CMakeFiles/pio_ws2812.dir/C_/Program_Files/Raspberry_Pi/Pico_SDK_v1.5.0/pico-sdk/src/rp2_common/pico_float/float_init_rom.c.obj
                0x10004520                __aeabi_float_init
 .text          0x100045a8       0x10 CMakeFiles/pio_ws2812.dir/C_/Program_Files/Raspberry_Pi/Pico_SDK_v1.5.0/pico-sdk/src/rp2_common/pico_mem_ops/mem_ops_aeabi.S.obj
                0x100045a8                __aeabi_mem_init
 .text.memset   0x100045b8        0xc CMakeFiles/pio_ws2812.dir/C_/Program_Files/Raspberry_Pi/Pico_SDK_v1.5.0/pico-sdk/src/rp2_common/pico_mem_ops/mem_ops_aeabi.S.obj
                0x100045b8                __wrap_memset
 .text.memcpy   0x100045c4        0xc CMakeFiles/pio_ws2812.dir/C_/Program_Files/Raspberry_Pi/Pico_SDK_v1.5.0/pico-sdk/src/rp2_common/pico_mem_ops/mem_ops_aeabi.S.obj
                0x100045c4                __wrap_memcpy
                0x100045c4                __wrap___aeabi_memcpy
 .text.stdio_out_chars_no_crlf
                0x100045d0        0xe CMakeFiles/pio_ws2812.dir/C_/Program_Files/Raspberry_Pi/Pico_SDK_v1.5.0/pico-sdk/src/rp2_common/pico_stdio/stdio.c.obj
 *fill*         0x100045de        0x2 
 .text.stdio_out_chars_crlf
                0x100045e0       0x80 CMakeFiles/pio_ws2812.dir/C_/Program_Files/Raspberry_Pi/Pico_SDK_v1.5.0/pico-sdk/src/rp2_common/pico_stdio/stdio.c.obj
 .text.stdio_stack_buffer_flush
                0x10004660       0x44 CMakeFiles/pio_ws2812.dir/C_/Program_Files/Raspberry_Pi/Pico_SDK_v1.5.0/pico-sdk/src/rp2_common/pico_stdio/stdio.c.obj
 .text.stdio_buffered_printer
                0x100046a4       0x20 CMakeFiles/pio_ws2812.dir/C_/Program_Files/Raspberry_Pi/Pico_SDK_v1.5.0/pico-sdk/src/rp2_common/pico_stdio/stdio.c.obj
 .text.stdout_serialize_begin
                0x100046c4       0x5c CMakeFiles/pio_ws2812.dir/C_/Program_Files/Raspberry_Pi/Pico_SDK_v1.5.0/pico-sdk/src/rp2_common/pico_stdio/stdio.c.obj
                0x100046c4                stdout_serialize_begin
 .text.stdout_serialize_end
                0x10004720       0x10 CMakeFiles/pio_ws2812.dir/C_/Program_Files/Raspberry_Pi/Pico_SDK_v1.5.0/pico-sdk/src/rp2_common/pico_stdio/stdio.c.obj
                0x10004720                stdout_serialize_end
 .text.stdio_put_string
                0x10004730       0x98 CMakeFiles/pio_ws2812.dir/C_/Program_Files/Raspberry_Pi/Pico_SDK_v1.5.0/pico-sdk/src/rp2_common/pico_stdio/stdio.c.obj
 .text.stdio_set_driver_enabled
                0x100047c8       0x2c CMakeFiles/pio_ws2812.dir/C_/Program_Files/Raspberry_Pi/Pico_SDK_v1.5.0/pico-sdk/src/rp2_common/pico_stdio/stdio.c.obj
                0x100047c8                stdio_set_driver_enabled
 .text.stdio_flush
                0x100047f4       0x20 CMakeFiles/pio_ws2812.dir/C_/Program_Files/Raspberry_Pi/Pico_SDK_v1.5.0/pico-sdk/src/rp2_common/pico_stdio/stdio.c.obj
                0x100047f4                stdio_flush
 .text.__wrap_puts
                0x10004814       0x1e CMakeFiles/pio_ws2812.dir/C_/Program_Files/Raspberry_Pi/Pico_SDK_v1.5.0/pico-sdk/src/rp2_common/pico_stdio/stdio.c.obj
                0x10004814                __wrap_puts
 *fill*         0x10004832        0x2 
 .text.__wrap_vprintf
                0x10004834       0x40 CMakeFiles/pio_ws2812.dir/C_/Program_Files/Raspberry_Pi/Pico_SDK_v1.5.0/pico-sdk/src/rp2_common/pico_stdio/stdio.c.obj
                0x10004834                __wrap_vprintf
 .text.__wrap_printf
                0x10004874       0x18 CMakeFiles/pio_ws2812.dir/C_/Program_Files/Raspberry_Pi/Pico_SDK_v1.5.0/pico-sdk/src/rp2_common/pico_stdio/stdio.c.obj
                0x10004874                __wrap_printf
 .text.stdio_init_all
                0x1000488c        0x8 CMakeFiles/pio_ws2812.dir/C_/Program_Files/Raspberry_Pi/Pico_SDK_v1.5.0/pico-sdk/src/rp2_common/pico_stdio/stdio.c.obj
                0x1000488c                stdio_init_all
 .text.resetd_init
                0x10004894        0x2 CMakeFiles/pio_ws2812.dir/C_/Program_Files/Raspberry_Pi/Pico_SDK_v1.5.0/pico-sdk/src/rp2_common/pico_stdio_usb/reset_interface.c.obj
 *fill*         0x10004896        0x2 
 .text.resetd_reset
                0x10004898        0xc CMakeFiles/pio_ws2812.dir/C_/Program_Files/Raspberry_Pi/Pico_SDK_v1.5.0/pico-sdk/src/rp2_common/pico_stdio_usb/reset_interface.c.obj
 .text.resetd_open
                0x100048a4       0x34 CMakeFiles/pio_ws2812.dir/C_/Program_Files/Raspberry_Pi/Pico_SDK_v1.5.0/pico-sdk/src/rp2_common/pico_stdio_usb/reset_interface.c.obj
 .text.resetd_xfer_cb
                0x100048d8        0x4 CMakeFiles/pio_ws2812.dir/C_/Program_Files/Raspberry_Pi/Pico_SDK_v1.5.0/pico-sdk/src/rp2_common/pico_stdio_usb/reset_interface.c.obj
 .text.reset_usb_boot
                0x100048dc       0x18 CMakeFiles/pio_ws2812.dir/C_/Program_Files/Raspberry_Pi/Pico_SDK_v1.5.0/pico-sdk/src/rp2_common/pico_stdio_usb/reset_interface.c.obj
 .text.resetd_control_xfer_cb
                0x100048f4       0x5c CMakeFiles/pio_ws2812.dir/C_/Program_Files/Raspberry_Pi/Pico_SDK_v1.5.0/pico-sdk/src/rp2_common/pico_stdio_usb/reset_interface.c.obj
 .text.usbd_app_driver_get_cb
                0x10004950        0xc CMakeFiles/pio_ws2812.dir/C_/Program_Files/Raspberry_Pi/Pico_SDK_v1.5.0/pico-sdk/src/rp2_common/pico_stdio_usb/reset_interface.c.obj
                0x10004950                usbd_app_driver_get_cb
 .text.tud_cdc_line_coding_cb
                0x1000495c       0x28 CMakeFiles/pio_ws2812.dir/C_/Program_Files/Raspberry_Pi/Pico_SDK_v1.5.0/pico-sdk/src/rp2_common/pico_stdio_usb/reset_interface.c.obj
                0x1000495c                tud_cdc_line_coding_cb
 .text.stdio_usb_set_chars_available_callback
                0x10004984       0x14 CMakeFiles/pio_ws2812.dir/C_/Program_Files/Raspberry_Pi/Pico_SDK_v1.5.0/pico-sdk/src/rp2_common/pico_stdio_usb/stdio_usb.c.obj
                0x10004984                stdio_usb_set_chars_available_callback
 .text.usb_irq  0x10004998       0x10 CMakeFiles/pio_ws2812.dir/C_/Program_Files/Raspberry_Pi/Pico_SDK_v1.5.0/pico-sdk/src/rp2_common/pico_stdio_usb/stdio_usb.c.obj
 .text.timer_task
                0x100049a8       0x58 CMakeFiles/pio_ws2812.dir/C_/Program_Files/Raspberry_Pi/Pico_SDK_v1.5.0/pico-sdk/src/rp2_common/pico_stdio_usb/stdio_usb.c.obj
 .text.low_priority_worker_irq
                0x10004a00       0xd8 CMakeFiles/pio_ws2812.dir/C_/Program_Files/Raspberry_Pi/Pico_SDK_v1.5.0/pico-sdk/src/rp2_common/pico_stdio_usb/stdio_usb.c.obj
 .text.tud_cdc_rx_cb
                0x10004ad8       0x20 CMakeFiles/pio_ws2812.dir/C_/Program_Files/Raspberry_Pi/Pico_SDK_v1.5.0/pico-sdk/src/rp2_common/pico_stdio_usb/stdio_usb.c.obj
                0x10004ad8                tud_cdc_rx_cb
 .text.stdio_usb_init
                0x10004af8      0x12c CMakeFiles/pio_ws2812.dir/C_/Program_Files/Raspberry_Pi/Pico_SDK_v1.5.0/pico-sdk/src/rp2_common/pico_stdio_usb/stdio_usb.c.obj
                0x10004af8                stdio_usb_init
 .text.stdio_usb_connected
                0x10004c24        0xa CMakeFiles/pio_ws2812.dir/C_/Program_Files/Raspberry_Pi/Pico_SDK_v1.5.0/pico-sdk/src/rp2_common/pico_stdio_usb/stdio_usb.c.obj
                0x10004c24                stdio_usb_connected
 *fill*         0x10004c2e        0x2 
 .text.stdio_usb_in_chars
                0x10004c30       0xc4 CMakeFiles/pio_ws2812.dir/C_/Program_Files/Raspberry_Pi/Pico_SDK_v1.5.0/pico-sdk/src/rp2_common/pico_stdio_usb/stdio_usb.c.obj
                0x10004c30                stdio_usb_in_chars
 .text.stdio_usb_out_chars
                0x10004cf4      0x114 CMakeFiles/pio_ws2812.dir/C_/Program_Files/Raspberry_Pi/Pico_SDK_v1.5.0/pico-sdk/src/rp2_common/pico_stdio_usb/stdio_usb.c.obj
 .text.tud_descriptor_device_cb
                0x10004e08        0x8 CMakeFiles/pio_ws2812.dir/C_/Program_Files/Raspberry_Pi/Pico_SDK_v1.5.0/pico-sdk/src/rp2_common/pico_stdio_usb/stdio_usb_descriptors.c.obj
                0x10004e08                tud_descriptor_device_cb
 .text.tud_descriptor_configuration_cb
                0x10004e10        0x8 CMakeFiles/pio_ws2812.dir/C_/Program_Files/Raspberry_Pi/Pico_SDK_v1.5.0/pico-sdk/src/rp2_common/pico_stdio_usb/stdio_usb_descriptors.c.obj
                0x10004e10                tud_descriptor_configuration_cb
 .text.tud_descriptor_string_cb
                0x10004e18       0x6c CMakeFiles/pio_ws2812.dir/C_/Program_Files/Raspberry_Pi/Pico_SDK_v1.5.0/pico-sdk/src/rp2_common/pico_stdio_usb/stdio_usb_descriptors.c.obj
                0x10004e18                tud_descriptor_string_cb
 .text._retrieve_unique_id_on_boot
                0x10004e84       0x10 CMakeFiles/pio_ws2812.dir/C_/Program_Files/Raspberry_Pi/Pico_SDK_v1.5.0/pico-sdk/src/rp2_common/pico_unique_id/unique_id.c.obj
 .text.pico_get_unique_board_id_string
                0x10004e94       0x60 CMakeFiles/pio_ws2812.dir/C_/Program_Files/Raspberry_Pi/Pico_SDK_v1.5.0/pico-sdk/src/rp2_common/pico_unique_id/unique_id.c.obj
                0x10004e94                pico_get_unique_board_id_string
 .text.flash_get_unique_id
                0x10004ef4       0x46 CMakeFiles/pio_ws2812.dir/C_/Program_Files/Raspberry_Pi/Pico_SDK_v1.5.0/pico-sdk/src/rp2_common/hardware_flash/flash.c.obj
                0x10004ef4                flash_get_unique_id
 *fill*         0x10004f3a        0x2 
 .text.hw_endpoint_get_by_addr
                0x10004f3c       0x18 CMakeFiles/pio_ws2812.dir/C_/Program_Files/Raspberry_Pi/Pico_SDK_v1.5.0/pico-sdk/lib/tinyusb/src/portable/raspberrypi/rp2040/dcd_rp2040.c.obj
 .text._hw_endpoint_alloc
                0x10004f54       0x70 CMakeFiles/pio_ws2812.dir/C_/Program_Files/Raspberry_Pi/Pico_SDK_v1.5.0/pico-sdk/lib/tinyusb/src/portable/raspberrypi/rp2040/dcd_rp2040.c.obj
 .text.hw_endpoint_init
                0x10004fc4       0x88 CMakeFiles/pio_ws2812.dir/C_/Program_Files/Raspberry_Pi/Pico_SDK_v1.5.0/pico-sdk/lib/tinyusb/src/portable/raspberrypi/rp2040/dcd_rp2040.c.obj
 .text.hw_endpoint_xfer
                0x1000504c       0x14 CMakeFiles/pio_ws2812.dir/C_/Program_Files/Raspberry_Pi/Pico_SDK_v1.5.0/pico-sdk/lib/tinyusb/src/portable/raspberrypi/rp2040/dcd_rp2040.c.obj
 .text.dcd_int_enable
                0x10005060       0x2c CMakeFiles/pio_ws2812.dir/C_/Program_Files/Raspberry_Pi/Pico_SDK_v1.5.0/pico-sdk/lib/tinyusb/src/portable/raspberrypi/rp2040/dcd_rp2040.c.obj
                0x10005060                dcd_int_enable
 .text.dcd_set_address
                0x1000508c       0x2c CMakeFiles/pio_ws2812.dir/C_/Program_Files/Raspberry_Pi/Pico_SDK_v1.5.0/pico-sdk/lib/tinyusb/src/portable/raspberrypi/rp2040/dcd_rp2040.c.obj
                0x1000508c                dcd_set_address
 .text.dcd_connect
                0x100050b8       0x10 CMakeFiles/pio_ws2812.dir/C_/Program_Files/Raspberry_Pi/Pico_SDK_v1.5.0/pico-sdk/lib/tinyusb/src/portable/raspberrypi/rp2040/dcd_rp2040.c.obj
                0x100050b8                dcd_connect
 .text.dcd_init
                0x100050c8       0x80 CMakeFiles/pio_ws2812.dir/C_/Program_Files/Raspberry_Pi/Pico_SDK_v1.5.0/pico-sdk/lib/tinyusb/src/portable/raspberrypi/rp2040/dcd_rp2040.c.obj
                0x100050c8                dcd_init
 .text.dcd_edpt0_status_complete
                0x10005148       0x1c CMakeFiles/pio_ws2812.dir/C_/Program_Files/Raspberry_Pi/Pico_SDK_v1.5.0/pico-sdk/lib/tinyusb/src/portable/raspberrypi/rp2040/dcd_rp2040.c.obj
                0x10005148                dcd_edpt0_status_complete
 .text.dcd_edpt_open
                0x10005164       0x40 CMakeFiles/pio_ws2812.dir/C_/Program_Files/Raspberry_Pi/Pico_SDK_v1.5.0/pico-sdk/lib/tinyusb/src/portable/raspberrypi/rp2040/dcd_rp2040.c.obj
                0x10005164                dcd_edpt_open
 .text.dcd_edpt_close_all
                0x100051a4        0x8 CMakeFiles/pio_ws2812.dir/C_/Program_Files/Raspberry_Pi/Pico_SDK_v1.5.0/pico-sdk/lib/tinyusb/src/portable/raspberrypi/rp2040/dcd_rp2040.c.obj
                0x100051a4                dcd_edpt_close_all
 .text.dcd_edpt_xfer
                0x100051ac       0x34 CMakeFiles/pio_ws2812.dir/C_/Program_Files/Raspberry_Pi/Pico_SDK_v1.5.0/pico-sdk/lib/tinyusb/src/portable/raspberrypi/rp2040/dcd_rp2040.c.obj
                0x100051ac                dcd_edpt_xfer
 .text.dcd_edpt_stall
                0x100051e0       0x2c CMakeFiles/pio_ws2812.dir/C_/Program_Files/Raspberry_Pi/Pico_SDK_v1.5.0/pico-sdk/lib/tinyusb/src/portable/raspberrypi/rp2040/dcd_rp2040.c.obj
                0x100051e0                dcd_edpt_stall
 .text.dcd_edpt_clear_stall
                0x1000520c       0x20 CMakeFiles/pio_ws2812.dir/C_/Program_Files/Raspberry_Pi/Pico_SDK_v1.5.0/pico-sdk/lib/tinyusb/src/portable/raspberrypi/rp2040/dcd_rp2040.c.obj
                0x1000520c                dcd_edpt_clear_stall
 .text.rp2040_usb_init
                0x1000522c       0x4c CMakeFiles/pio_ws2812.dir/C_/Program_Files/Raspberry_Pi/Pico_SDK_v1.5.0/pico-sdk/lib/tinyusb/src/portable/raspberrypi/rp2040/rp2040_usb.c.obj
                0x1000522c                rp2040_usb_init
 .text.hw_endpoint_xfer_start
                0x10005278       0x50 CMakeFiles/pio_ws2812.dir/C_/Program_Files/Raspberry_Pi/Pico_SDK_v1.5.0/pico-sdk/lib/tinyusb/src/portable/raspberrypi/rp2040/rp2040_usb.c.obj
                0x10005278                hw_endpoint_xfer_start
 .text.configuration_reset
                0x100052c8       0x84 CMakeFiles/pio_ws2812.dir/C_/Program_Files/Raspberry_Pi/Pico_SDK_v1.5.0/pico-sdk/lib/tinyusb/src/device/usbd.c.obj
 .text.usbd_reset
                0x1000534c        0xc CMakeFiles/pio_ws2812.dir/C_/Program_Files/Raspberry_Pi/Pico_SDK_v1.5.0/pico-sdk/lib/tinyusb/src/device/usbd.c.obj
 .text.invoke_class_control
                0x10005358       0x1a CMakeFiles/pio_ws2812.dir/C_/Program_Files/Raspberry_Pi/Pico_SDK_v1.5.0/pico-sdk/lib/tinyusb/src/device/usbd.c.obj
 *fill*         0x10005372        0x2 
 .text.process_set_config
                0x10005374      0x178 CMakeFiles/pio_ws2812.dir/C_/Program_Files/Raspberry_Pi/Pico_SDK_v1.5.0/pico-sdk/lib/tinyusb/src/device/usbd.c.obj
 .text.process_get_descriptor
                0x100054ec       0xdc CMakeFiles/pio_ws2812.dir/C_/Program_Files/Raspberry_Pi/Pico_SDK_v1.5.0/pico-sdk/lib/tinyusb/src/device/usbd.c.obj
 .text.tud_mounted
                0x100055c8       0x10 CMakeFiles/pio_ws2812.dir/C_/Program_Files/Raspberry_Pi/Pico_SDK_v1.5.0/pico-sdk/lib/tinyusb/src/device/usbd.c.obj
                0x100055c8                tud_mounted
 .text.tud_suspended
                0x100055d8       0x10 CMakeFiles/pio_ws2812.dir/C_/Program_Files/Raspberry_Pi/Pico_SDK_v1.5.0/pico-sdk/lib/tinyusb/src/device/usbd.c.obj
                0x100055d8                tud_suspended
 .text.tud_inited
                0x100055e8       0x14 CMakeFiles/pio_ws2812.dir/C_/Program_Files/Raspberry_Pi/Pico_SDK_v1.5.0/pico-sdk/lib/tinyusb/src/device/usbd.c.obj
                0x100055e8                tud_inited
 .text.tud_init
                0x100055fc       0xcc CMakeFiles/pio_ws2812.dir/C_/Program_Files/Raspberry_Pi/Pico_SDK_v1.5.0/pico-sdk/lib/tinyusb/src/device/usbd.c.obj
                0x100055fc                tud_init
 .text.usbd_defer_func
                0x100056c8       0x2a CMakeFiles/pio_ws2812.dir/C_/Program_Files/Raspberry_Pi/Pico_SDK_v1.5.0/pico-sdk/lib/tinyusb/src/device/usbd.c.obj
                0x100056c8                usbd_defer_func
 *fill*         0x100056f2        0x2 
 .text.usbd_edpt_open
                0x100056f4       0x34 CMakeFiles/pio_ws2812.dir/C_/Program_Files/Raspberry_Pi/Pico_SDK_v1.5.0/pico-sdk/lib/tinyusb/src/device/usbd.c.obj
                0x100056f4                usbd_edpt_open
 .text.usbd_open_edpt_pair
                0x10005728       0x62 CMakeFiles/pio_ws2812.dir/C_/Program_Files/Raspberry_Pi/Pico_SDK_v1.5.0/pico-sdk/lib/tinyusb/src/device/usbd.c.obj
                0x10005728                usbd_open_edpt_pair
 *fill*         0x1000578a        0x2 
 .text.usbd_edpt_claim
                0x1000578c       0x28 CMakeFiles/pio_ws2812.dir/C_/Program_Files/Raspberry_Pi/Pico_SDK_v1.5.0/pico-sdk/lib/tinyusb/src/device/usbd.c.obj
                0x1000578c                usbd_edpt_claim
 .text.usbd_edpt_release
                0x100057b4       0x28 CMakeFiles/pio_ws2812.dir/C_/Program_Files/Raspberry_Pi/Pico_SDK_v1.5.0/pico-sdk/lib/tinyusb/src/device/usbd.c.obj
                0x100057b4                usbd_edpt_release
 .text.usbd_edpt_xfer
                0x100057dc       0x78 CMakeFiles/pio_ws2812.dir/C_/Program_Files/Raspberry_Pi/Pico_SDK_v1.5.0/pico-sdk/lib/tinyusb/src/device/usbd.c.obj
                0x100057dc                usbd_edpt_xfer
 .text.usbd_edpt_stall
                0x10005854       0x48 CMakeFiles/pio_ws2812.dir/C_/Program_Files/Raspberry_Pi/Pico_SDK_v1.5.0/pico-sdk/lib/tinyusb/src/device/usbd.c.obj
                0x10005854                usbd_edpt_stall
 .text.usbd_edpt_clear_stall
                0x1000589c       0x48 CMakeFiles/pio_ws2812.dir/C_/Program_Files/Raspberry_Pi/Pico_SDK_v1.5.0/pico-sdk/lib/tinyusb/src/device/usbd.c.obj
                0x1000589c                usbd_edpt_clear_stall
 .text.usbd_edpt_stalled
                0x100058e4       0x1c CMakeFiles/pio_ws2812.dir/C_/Program_Files/Raspberry_Pi/Pico_SDK_v1.5.0/pico-sdk/lib/tinyusb/src/device/usbd.c.obj
                0x100058e4                usbd_edpt_stalled
 .text.process_control_request
                0x10005900      0x37c CMakeFiles/pio_ws2812.dir/C_/Program_Files/Raspberry_Pi/Pico_SDK_v1.5.0/pico-sdk/lib/tinyusb/src/device/usbd.c.obj
 .text.tud_task_ext
                0x10005c7c      0x1b4 CMakeFiles/pio_ws2812.dir/C_/Program_Files/Raspberry_Pi/Pico_SDK_v1.5.0/pico-sdk/lib/tinyusb/src/device/usbd.c.obj
                0x10005c7c                tud_task_ext
 .text._data_stage_xact
                0x10005e30       0x58 CMakeFiles/pio_ws2812.dir/C_/Program_Files/Raspberry_Pi/Pico_SDK_v1.5.0/pico-sdk/lib/tinyusb/src/device/usbd_control.c.obj
 .text.tud_control_status
                0x10005e88       0x38 CMakeFiles/pio_ws2812.dir/C_/Program_Files/Raspberry_Pi/Pico_SDK_v1.5.0/pico-sdk/lib/tinyusb/src/device/usbd_control.c.obj
                0x10005e88                tud_control_status
 .text.tud_control_xfer
                0x10005ec0       0x74 CMakeFiles/pio_ws2812.dir/C_/Program_Files/Raspberry_Pi/Pico_SDK_v1.5.0/pico-sdk/lib/tinyusb/src/device/usbd_control.c.obj
                0x10005ec0                tud_control_xfer
 .text.usbd_control_reset
                0x10005f34       0x14 CMakeFiles/pio_ws2812.dir/C_/Program_Files/Raspberry_Pi/Pico_SDK_v1.5.0/pico-sdk/lib/tinyusb/src/device/usbd_control.c.obj
                0x10005f34                usbd_control_reset
 .text.usbd_control_set_complete_callback
                0x10005f48        0xc CMakeFiles/pio_ws2812.dir/C_/Program_Files/Raspberry_Pi/Pico_SDK_v1.5.0/pico-sdk/lib/tinyusb/src/device/usbd_control.c.obj
                0x10005f48                usbd_control_set_complete_callback
 .text.usbd_control_set_request
                0x10005f54       0x1c CMakeFiles/pio_ws2812.dir/C_/Program_Files/Raspberry_Pi/Pico_SDK_v1.5.0/pico-sdk/lib/tinyusb/src/device/usbd_control.c.obj
                0x10005f54                usbd_control_set_request
 .text.usbd_control_xfer_cb
                0x10005f70       0xcc CMakeFiles/pio_ws2812.dir/C_/Program_Files/Raspberry_Pi/Pico_SDK_v1.5.0/pico-sdk/lib/tinyusb/src/device/usbd_control.c.obj
                0x10005f70                usbd_control_xfer_cb
 .text._prep_out_transaction
                0x1000603c       0x4a CMakeFiles/pio_ws2812.dir/C_/Program_Files/Raspberry_Pi/Pico_SDK_v1.5.0/pico-sdk/lib/tinyusb/src/class/cdc/cdc_device.c.obj
 *fill*         0x10006086        0x2 
 .text.tud_cdc_n_connected
                0x10006088       0x44 CMakeFiles/pio_ws2812.dir/C_/Program_Files/Raspberry_Pi/Pico_SDK_v1.5.0/pico-sdk/lib/tinyusb/src/class/cdc/cdc_device.c.obj
                0x10006088                tud_cdc_n_connected
 .text.tud_cdc_n_available
                0x100060cc       0x18 CMakeFiles/pio_ws2812.dir/C_/Program_Files/Raspberry_Pi/Pico_SDK_v1.5.0/pico-sdk/lib/tinyusb/src/class/cdc/cdc_device.c.obj
                0x100060cc                tud_cdc_n_available
 .text.tud_cdc_n_read
                0x100060e4       0x28 CMakeFiles/pio_ws2812.dir/C_/Program_Files/Raspberry_Pi/Pico_SDK_v1.5.0/pico-sdk/lib/tinyusb/src/class/cdc/cdc_device.c.obj
                0x100060e4                tud_cdc_n_read
 .text.tud_cdc_n_write_flush
                0x1000610c       0xb8 CMakeFiles/pio_ws2812.dir/C_/Program_Files/Raspberry_Pi/Pico_SDK_v1.5.0/pico-sdk/lib/tinyusb/src/class/cdc/cdc_device.c.obj
                0x1000610c                tud_cdc_n_write_flush
 .text.tud_cdc_n_write
                0x100061c4       0x38 CMakeFiles/pio_ws2812.dir/C_/Program_Files/Raspberry_Pi/Pico_SDK_v1.5.0/pico-sdk/lib/tinyusb/src/class/cdc/cdc_device.c.obj
                0x100061c4                tud_cdc_n_write
 .text.tud_cdc_n_write_available
                0x100061fc       0x1c CMakeFiles/pio_ws2812.dir/C_/Program_Files/Raspberry_Pi/Pico_SDK_v1.5.0/pico-sdk/lib/tinyusb/src/class/cdc/cdc_device.c.obj
                0x100061fc                tud_cdc_n_write_available
 .text.cdcd_init
                0x10006218       0xbc CMakeFiles/pio_ws2812.dir/C_/Program_Files/Raspberry_Pi/Pico_SDK_v1.5.0/pico-sdk/lib/tinyusb/src/class/cdc/cdc_device.c.obj
                0x10006218                cdcd_init
 .text.cdcd_reset
                0x100062d4       0x44 CMakeFiles/pio_ws2812.dir/C_/Program_Files/Raspberry_Pi/Pico_SDK_v1.5.0/pico-sdk/lib/tinyusb/src/class/cdc/cdc_device.c.obj
                0x100062d4                cdcd_reset
 .text.cdcd_open
                0x10006318       0xcc CMakeFiles/pio_ws2812.dir/C_/Program_Files/Raspberry_Pi/Pico_SDK_v1.5.0/pico-sdk/lib/tinyusb/src/class/cdc/cdc_device.c.obj
                0x10006318                cdcd_open
 .text.cdcd_control_xfer_cb
                0x100063e4      0x134 CMakeFiles/pio_ws2812.dir/C_/Program_Files/Raspberry_Pi/Pico_SDK_v1.5.0/pico-sdk/lib/tinyusb/src/class/cdc/cdc_device.c.obj
                0x100063e4                cdcd_control_xfer_cb
 .text.cdcd_xfer_cb
                0x10006518      0x130 CMakeFiles/pio_ws2812.dir/C_/Program_Files/Raspberry_Pi/Pico_SDK_v1.5.0/pico-sdk/lib/tinyusb/src/class/cdc/cdc_device.c.obj
                0x10006518                cdcd_xfer_cb
 .text.tusb_init
                0x10006648        0xa CMakeFiles/pio_ws2812.dir/C_/Program_Files/Raspberry_Pi/Pico_SDK_v1.5.0/pico-sdk/lib/tinyusb/src/tusb.c.obj
                0x10006648                tusb_init
 .text.tusb_inited
                0x10006652        0xe CMakeFiles/pio_ws2812.dir/C_/Program_Files/Raspberry_Pi/Pico_SDK_v1.5.0/pico-sdk/lib/tinyusb/src/tusb.c.obj
                0x10006652                tusb_inited
 .text.tu_edpt_claim
                0x10006660       0x50 CMakeFiles/pio_ws2812.dir/C_/Program_Files/Raspberry_Pi/Pico_SDK_v1.5.0/pico-sdk/lib/tinyusb/src/tusb.c.obj
                0x10006660                tu_edpt_claim
 .text.tu_edpt_release
                0x100066b0       0x3c CMakeFiles/pio_ws2812.dir/C_/Program_Files/Raspberry_Pi/Pico_SDK_v1.5.0/pico-sdk/lib/tinyusb/src/tusb.c.obj
                0x100066b0                tu_edpt_release
 .text.tu_edpt_validate
                0x100066ec       0x78 CMakeFiles/pio_ws2812.dir/C_/Program_Files/Raspberry_Pi/Pico_SDK_v1.5.0/pico-sdk/lib/tinyusb/src/tusb.c.obj
                0x100066ec                tu_edpt_validate
 .text.tu_edpt_bind_driver
                0x10006764       0x26 CMakeFiles/pio_ws2812.dir/C_/Program_Files/Raspberry_Pi/Pico_SDK_v1.5.0/pico-sdk/lib/tinyusb/src/tusb.c.obj
                0x10006764                tu_edpt_bind_driver
 .text.advance_index
                0x1000678a       0x1a CMakeFiles/pio_ws2812.dir/C_/Program_Files/Raspberry_Pi/Pico_SDK_v1.5.0/pico-sdk/lib/tinyusb/src/common/tusb_fifo.c.obj
 .text._tu_fifo_peek
                0x100067a4       0x56 CMakeFiles/pio_ws2812.dir/C_/Program_Files/Raspberry_Pi/Pico_SDK_v1.5.0/pico-sdk/lib/tinyusb/src/common/tusb_fifo.c.obj
 .text._ff_pull_const_addr
                0x100067fa       0x4c CMakeFiles/pio_ws2812.dir/C_/Program_Files/Raspberry_Pi/Pico_SDK_v1.5.0/pico-sdk/lib/tinyusb/src/common/tusb_fifo.c.obj
 .text._ff_pull_n
                0x10006846      0x110 CMakeFiles/pio_ws2812.dir/C_/Program_Files/Raspberry_Pi/Pico_SDK_v1.5.0/pico-sdk/lib/tinyusb/src/common/tusb_fifo.c.obj
 .text._tu_fifo_peek_n
                0x10006956       0x6a CMakeFiles/pio_ws2812.dir/C_/Program_Files/Raspberry_Pi/Pico_SDK_v1.5.0/pico-sdk/lib/tinyusb/src/common/tusb_fifo.c.obj
 .text._tu_fifo_read_n
                0x100069c0       0x4e CMakeFiles/pio_ws2812.dir/C_/Program_Files/Raspberry_Pi/Pico_SDK_v1.5.0/pico-sdk/lib/tinyusb/src/common/tusb_fifo.c.obj
 .text._ff_push_const_addr
                0x10006a0e       0x40 CMakeFiles/pio_ws2812.dir/C_/Program_Files/Raspberry_Pi/Pico_SDK_v1.5.0/pico-sdk/lib/tinyusb/src/common/tusb_fifo.c.obj
 .text._ff_push_n
                0x10006a4e      0x10c CMakeFiles/pio_ws2812.dir/C_/Program_Files/Raspberry_Pi/Pico_SDK_v1.5.0/pico-sdk/lib/tinyusb/src/common/tusb_fifo.c.obj
 .text._tu_fifo_write_n
                0x10006b5a       0xf0 CMakeFiles/pio_ws2812.dir/C_/Program_Files/Raspberry_Pi/Pico_SDK_v1.5.0/pico-sdk/lib/tinyusb/src/common/tusb_fifo.c.obj
 .text.tu_fifo_config
                0x10006c4a       0x7c CMakeFiles/pio_ws2812.dir/C_/Program_Files/Raspberry_Pi/Pico_SDK_v1.5.0/pico-sdk/lib/tinyusb/src/common/tusb_fifo.c.obj
                0x10006c4a                tu_fifo_config
 .text.tu_fifo_count
                0x10006cc6       0x2a CMakeFiles/pio_ws2812.dir/C_/Program_Files/Raspberry_Pi/Pico_SDK_v1.5.0/pico-sdk/lib/tinyusb/src/common/tusb_fifo.c.obj
                0x10006cc6                tu_fifo_count
 .text.tu_fifo_empty
                0x10006cf0       0x10 CMakeFiles/pio_ws2812.dir/C_/Program_Files/Raspberry_Pi/Pico_SDK_v1.5.0/pico-sdk/lib/tinyusb/src/common/tusb_fifo.c.obj
                0x10006cf0                tu_fifo_empty
 .text.tu_fifo_full
                0x10006d00       0x28 CMakeFiles/pio_ws2812.dir/C_/Program_Files/Raspberry_Pi/Pico_SDK_v1.5.0/pico-sdk/lib/tinyusb/src/common/tusb_fifo.c.obj
                0x10006d00                tu_fifo_full
 .text.tu_fifo_remaining
                0x10006d28       0x2c CMakeFiles/pio_ws2812.dir/C_/Program_Files/Raspberry_Pi/Pico_SDK_v1.5.0/pico-sdk/lib/tinyusb/src/common/tusb_fifo.c.obj
                0x10006d28                tu_fifo_remaining
 .text.tu_fifo_read
                0x10006d54       0x42 CMakeFiles/pio_ws2812.dir/C_/Program_Files/Raspberry_Pi/Pico_SDK_v1.5.0/pico-sdk/lib/tinyusb/src/common/tusb_fifo.c.obj
                0x10006d54                tu_fifo_read
 .text.tu_fifo_read_n
                0x10006d96        0xa CMakeFiles/pio_ws2812.dir/C_/Program_Files/Raspberry_Pi/Pico_SDK_v1.5.0/pico-sdk/lib/tinyusb/src/common/tusb_fifo.c.obj
                0x10006d96                tu_fifo_read_n
 .text.tu_fifo_write
                0x10006da0       0x64 CMakeFiles/pio_ws2812.dir/C_/Program_Files/Raspberry_Pi/Pico_SDK_v1.5.0/pico-sdk/lib/tinyusb/src/common/tusb_fifo.c.obj
                0x10006da0                tu_fifo_write
 .text.tu_fifo_write_n
                0x10006e04        0xa CMakeFiles/pio_ws2812.dir/C_/Program_Files/Raspberry_Pi/Pico_SDK_v1.5.0/pico-sdk/lib/tinyusb/src/common/tusb_fifo.c.obj
                0x10006e04                tu_fifo_write_n
 .text.tu_fifo_clear
                0x10006e0e       0x3e CMakeFiles/pio_ws2812.dir/C_/Program_Files/Raspberry_Pi/Pico_SDK_v1.5.0/pico-sdk/lib/tinyusb/src/common/tusb_fifo.c.obj
                0x10006e0e                tu_fifo_clear
 .text.tu_fifo_set_overwritable
                0x10006e4c       0x46 CMakeFiles/pio_ws2812.dir/C_/Program_Files/Raspberry_Pi/Pico_SDK_v1.5.0/pico-sdk/lib/tinyusb/src/common/tusb_fifo.c.obj
                0x10006e4c                tu_fifo_set_overwritable
 *fill*         0x10006e92        0x2 
 .text._pio_can_add_program_at_offset
                0x10006e94       0x3c CMakeFiles/pio_ws2812.dir/C_/Program_Files/Raspberry_Pi/Pico_SDK_v1.5.0/pico-sdk/src/rp2_common/hardware_pio/pio.c.obj
 .text._pio_find_offset_for_program
                0x10006ed0       0x7c CMakeFiles/pio_ws2812.dir/C_/Program_Files/Raspberry_Pi/Pico_SDK_v1.5.0/pico-sdk/src/rp2_common/hardware_pio/pio.c.obj
 .text._pio_add_program_at_offset
                0x10006f4c       0x78 CMakeFiles/pio_ws2812.dir/C_/Program_Files/Raspberry_Pi/Pico_SDK_v1.5.0/pico-sdk/src/rp2_common/hardware_pio/pio.c.obj
 .text.pio_claim_unused_sm
                0x10006fc4       0x3c CMakeFiles/pio_ws2812.dir/C_/Program_Files/Raspberry_Pi/Pico_SDK_v1.5.0/pico-sdk/src/rp2_common/hardware_pio/pio.c.obj
                0x10006fc4                pio_claim_unused_sm
 .text.pio_add_program
                0x10007000       0x38 CMakeFiles/pio_ws2812.dir/C_/Program_Files/Raspberry_Pi/Pico_SDK_v1.5.0/pico-sdk/src/rp2_common/hardware_pio/pio.c.obj
                0x10007000                pio_add_program
 .text.pio_sm_set_consecutive_pindirs
                0x10007038       0xa4 CMakeFiles/pio_ws2812.dir/C_/Program_Files/Raspberry_Pi/Pico_SDK_v1.5.0/pico-sdk/src/rp2_common/hardware_pio/pio.c.obj
                0x10007038                pio_sm_set_consecutive_pindirs
 .text.pio_sm_init
                0x100070dc       0xe4 CMakeFiles/pio_ws2812.dir/C_/Program_Files/Raspberry_Pi/Pico_SDK_v1.5.0/pico-sdk/src/rp2_common/hardware_pio/pio.c.obj
                0x100070dc                pio_sm_init
 .text.rand     0x100071c0       0x34 c:/progra~1/raspbe~1/picosd~1.0/gcc-ar~1/bin/../lib/gcc/arm-none-eabi/10.3.1/../../../../arm-none-eabi/lib/thumb/v6-m/nofp\libg.a(lib_a-rand.o)
                0x100071c0                rand
 .text.strlen   0x100071f4       0x5c c:/progra~1/raspbe~1/picosd~1.0/gcc-ar~1/bin/../lib/gcc/arm-none-eabi/10.3.1/../../../../arm-none-eabi/lib/thumb/v6-m/nofp\libg.a(lib_a-strlen-stub.o)
                0x100071f4                strlen
 *(.fini)
 .fini          0x10007250        0x4 c:/progra~1/raspbe~1/picosd~1.0/gcc-ar~1/bin/../lib/gcc/arm-none-eabi/10.3.1/thumb/v6-m/nofp/crti.o
                0x10007250                _fini
 *fill*         0x10007254        0x4 
 .fini.__stub   0x10007258       0xe0 linker stubs
 *crtbegin.o(.ctors)
 *crtbegin?.o(.ctors)
 *(EXCLUDE_FILE(*crtend.o *crtend?.o) .ctors)
 *(SORT_BY_NAME(.ctors.*))
 *(.ctors)
 *crtbegin.o(.dtors)
 *crtbegin?.o(.dtors)
 *(EXCLUDE_FILE(*crtend.o *crtend?.o) .dtors)
 *(SORT_BY_NAME(.dtors.*))
 *(.dtors)
 *(.eh_frame*)
 .eh_frame      0x10007338        0x0 c:/progra~1/raspbe~1/picosd~1.0/gcc-ar~1/bin/../lib/gcc/arm-none-eabi/10.3.1/thumb/v6-m/nofp/crtbegin.o
                0x10007338                . = ALIGN (0x4)

.glue_7         0x10007338        0x0
 .glue_7        0x10007338        0x0 linker stubs

.glue_7t        0x10007338        0x0
 .glue_7t       0x10007338        0x0 linker stubs

.vfp11_veneer   0x10007338        0x0
 .vfp11_veneer  0x10007338        0x0 linker stubs

.v4_bx          0x10007338        0x0
 .v4_bx         0x10007338        0x0 linker stubs

.iplt           0x10007338        0x0
 .iplt          0x10007338        0x0 c:/progra~1/raspbe~1/picosd~1.0/gcc-ar~1/bin/../lib/gcc/arm-none-eabi/10.3.1/thumb/v6-m/nofp/crtbegin.o

.rodata         0x10007338     0x180c
 *(EXCLUDE_FILE(*libm.a: *libc.a:*lib_a-mem*.o *libgcc.a:) .rodata*)
 .rodata.main.str1.4
                0x10007338       0x7d CMakeFiles/pio_ws2812.dir/main.c.obj
 *fill*         0x100073b5        0x3 
 .rodata.__func__.0
                0x100073b8       0x15 CMakeFiles/pio_ws2812.dir/main.c.obj
 *fill*         0x100073cd        0x3 
 .rodata.ws2812_program
                0x100073d0        0x6 CMakeFiles/pio_ws2812.dir/ws2812.c.obj
 *fill*         0x100073d6        0x2 
 .rodata.ws2812_program_instructions
                0x100073d8        0x8 CMakeFiles/pio_ws2812.dir/ws2812.c.obj
 .rodata.spin_lock_claim_unused.str1.4
                0x100073e0       0x1b CMakeFiles/pio_ws2812.dir/C_/Program_Files/Raspberry_Pi/Pico_SDK_v1.5.0/pico-sdk/src/rp2_common/hardware_sync/sync.c.obj
 *fill*         0x100073fb        0x1 
 .rodata.make_branch.str1.4
                0x100073fc       0x89 CMakeFiles/pio_ws2812.dir/C_/Program_Files/Raspberry_Pi/Pico_SDK_v1.5.0/pico-sdk/src/rp2_common/hardware_irq/irq.c.obj
 *fill*         0x10007485        0x3 
 .rodata.insert_branch_and_link.str1.4
                0x10007488       0x10 CMakeFiles/pio_ws2812.dir/C_/Program_Files/Raspberry_Pi/Pico_SDK_v1.5.0/pico-sdk/src/rp2_common/hardware_irq/irq.c.obj
 .rodata.irq_set_exclusive_handler.str1.4
                0x10007498       0x36 CMakeFiles/pio_ws2812.dir/C_/Program_Files/Raspberry_Pi/Pico_SDK_v1.5.0/pico-sdk/src/rp2_common/hardware_irq/irq.c.obj
 *fill*         0x100074ce        0x2 
 .rodata.irq_add_shared_handler.str1.4
                0x100074d0       0xd9 CMakeFiles/pio_ws2812.dir/C_/Program_Files/Raspberry_Pi/Pico_SDK_v1.5.0/pico-sdk/src/rp2_common/hardware_irq/irq.c.obj
 *fill*         0x100075a9        0x3 
 .rodata.irq_remove_handler.str1.4
                0x100075ac       0x3a CMakeFiles/pio_ws2812.dir/C_/Program_Files/Raspberry_Pi/Pico_SDK_v1.5.0/pico-sdk/src/rp2_common/hardware_irq/irq.c.obj
 *fill*         0x100075e6        0x2 
 .rodata.irq_add_tail_to_free_list.str1.4
                0x100075e8       0x3a CMakeFiles/pio_ws2812.dir/C_/Program_Files/Raspberry_Pi/Pico_SDK_v1.5.0/pico-sdk/src/rp2_common/hardware_irq/irq.c.obj
 *fill*         0x10007622        0x2 
 .rodata.user_irq_claim_unused.str1.4
                0x10007624       0x1b CMakeFiles/pio_ws2812.dir/C_/Program_Files/Raspberry_Pi/Pico_SDK_v1.5.0/pico-sdk/src/rp2_common/hardware_irq/irq.c.obj
 *fill*         0x1000763f        0x1 
 .rodata.__func__.0
                0x10007640       0x1a CMakeFiles/pio_ws2812.dir/C_/Program_Files/Raspberry_Pi/Pico_SDK_v1.5.0/pico-sdk/src/rp2_common/hardware_irq/irq.c.obj
 *fill*         0x1000765a        0x2 
 .rodata.__func__.1
                0x1000765c       0x17 CMakeFiles/pio_ws2812.dir/C_/Program_Files/Raspberry_Pi/Pico_SDK_v1.5.0/pico-sdk/src/rp2_common/hardware_irq/irq.c.obj
 *fill*         0x10007673        0x1 
 .rodata.__func__.2
                0x10007674       0x13 CMakeFiles/pio_ws2812.dir/C_/Program_Files/Raspberry_Pi/Pico_SDK_v1.5.0/pico-sdk/src/rp2_common/hardware_irq/irq.c.obj
 *fill*         0x10007687        0x1 
 .rodata.__func__.3
                0x10007688        0xc CMakeFiles/pio_ws2812.dir/C_/Program_Files/Raspberry_Pi/Pico_SDK_v1.5.0/pico-sdk/src/rp2_common/hardware_irq/irq.c.obj
 .rodata.__func__.4
                0x10007694        0xf CMakeFiles/pio_ws2812.dir/C_/Program_Files/Raspberry_Pi/Pico_SDK_v1.5.0/pico-sdk/src/rp2_common/hardware_irq/irq.c.obj
 *fill*         0x100076a3        0x1 
 .rodata.__func__.5
                0x100076a4       0x17 CMakeFiles/pio_ws2812.dir/C_/Program_Files/Raspberry_Pi/Pico_SDK_v1.5.0/pico-sdk/src/rp2_common/hardware_irq/irq.c.obj
 *fill*         0x100076bb        0x1 
 .rodata.__func__.6
                0x100076bc       0x1a CMakeFiles/pio_ws2812.dir/C_/Program_Files/Raspberry_Pi/Pico_SDK_v1.5.0/pico-sdk/src/rp2_common/hardware_irq/irq.c.obj
 *fill*         0x100076d6        0x2 
 .rodata.str1.4
                0x100076d8       0xa5 CMakeFiles/pio_ws2812.dir/C_/Program_Files/Raspberry_Pi/Pico_SDK_v1.5.0/pico-sdk/src/common/pico_sync/mutex.c.obj
                                0x125 (size before relaxing)
 *fill*         0x1000777d        0x3 
 .rodata.__func__.1
                0x10007780        0xb CMakeFiles/pio_ws2812.dir/C_/Program_Files/Raspberry_Pi/Pico_SDK_v1.5.0/pico-sdk/src/common/pico_sync/mutex.c.obj
 *fill*         0x1000778b        0x1 
 .rodata.__func__.3
                0x1000778c       0x18 CMakeFiles/pio_ws2812.dir/C_/Program_Files/Raspberry_Pi/Pico_SDK_v1.5.0/pico-sdk/src/common/pico_sync/mutex.c.obj
 .rodata.__func__.4
                0x100077a4       0x15 CMakeFiles/pio_ws2812.dir/C_/Program_Files/Raspberry_Pi/Pico_SDK_v1.5.0/pico-sdk/src/common/pico_sync/mutex.c.obj
 *fill*         0x100077b9        0x3 
 .rodata.repeating_timer_callback.str1.4
                0x100077bc       0x67 CMakeFiles/pio_ws2812.dir/C_/Program_Files/Raspberry_Pi/Pico_SDK_v1.5.0/pico-sdk/src/common/pico_time/time.c.obj
 *fill*         0x10007823        0x1 
 .rodata.timer_pool_entry_comparator.str1.4
                0x10007824       0x22 CMakeFiles/pio_ws2812.dir/C_/Program_Files/Raspberry_Pi/Pico_SDK_v1.5.0/pico-sdk/src/common/pico_time/time.c.obj
 *fill*         0x10007846        0x2 
 .rodata.ph_add_child_node.str1.4
                0x10007848       0xb2 CMakeFiles/pio_ws2812.dir/C_/Program_Files/Raspberry_Pi/Pico_SDK_v1.5.0/pico-sdk/src/common/pico_time/time.c.obj
 *fill*         0x100078fa        0x2 
 .rodata.add_alarm_under_lock.str1.4
                0x100078fc       0x28 CMakeFiles/pio_ws2812.dir/C_/Program_Files/Raspberry_Pi/Pico_SDK_v1.5.0/pico-sdk/src/common/pico_time/time.c.obj
                                 0x2b (size before relaxing)
 .rodata.alarm_pool_alarm_callback.str1.4
                0x10007924       0x98 CMakeFiles/pio_ws2812.dir/C_/Program_Files/Raspberry_Pi/Pico_SDK_v1.5.0/pico-sdk/src/common/pico_time/time.c.obj
                                0x118 (size before relaxing)
 .rodata.alarm_pool_get_default.str1.4
                0x100079bc       0x21 CMakeFiles/pio_ws2812.dir/C_/Program_Files/Raspberry_Pi/Pico_SDK_v1.5.0/pico-sdk/src/common/pico_time/time.c.obj
 *fill*         0x100079dd        0x3 
 .rodata.alarm_pool_cancel_alarm.str1.4
                0x100079e0       0x27 CMakeFiles/pio_ws2812.dir/C_/Program_Files/Raspberry_Pi/Pico_SDK_v1.5.0/pico-sdk/src/common/pico_time/time.c.obj
 *fill*         0x10007a07        0x1 
 .rodata.__func__.1
                0x10007a08       0x18 CMakeFiles/pio_ws2812.dir/C_/Program_Files/Raspberry_Pi/Pico_SDK_v1.5.0/pico-sdk/src/common/pico_time/time.c.obj
 .rodata.__func__.10
                0x10007a20       0x15 CMakeFiles/pio_ws2812.dir/C_/Program_Files/Raspberry_Pi/Pico_SDK_v1.5.0/pico-sdk/src/common/pico_time/time.c.obj
 *fill*         0x10007a35        0x3 
 .rodata.__func__.11
                0x10007a38       0x1a CMakeFiles/pio_ws2812.dir/C_/Program_Files/Raspberry_Pi/Pico_SDK_v1.5.0/pico-sdk/src/common/pico_time/time.c.obj
 *fill*         0x10007a52        0x2 
 .rodata.__func__.12
                0x10007a54        0xa CMakeFiles/pio_ws2812.dir/C_/Program_Files/Raspberry_Pi/Pico_SDK_v1.5.0/pico-sdk/src/common/pico_time/time.c.obj
 *fill*         0x10007a5e        0x2 
 .rodata.__func__.3
                0x10007a60       0x17 CMakeFiles/pio_ws2812.dir/C_/Program_Files/Raspberry_Pi/Pico_SDK_v1.5.0/pico-sdk/src/common/pico_time/time.c.obj
 *fill*         0x10007a77        0x1 
 .rodata.__func__.4
                0x10007a78       0x12 CMakeFiles/pio_ws2812.dir/C_/Program_Files/Raspberry_Pi/Pico_SDK_v1.5.0/pico-sdk/src/common/pico_time/time.c.obj
 *fill*         0x10007a8a        0x2 
 .rodata.__func__.5
                0x10007a8c        0xd CMakeFiles/pio_ws2812.dir/C_/Program_Files/Raspberry_Pi/Pico_SDK_v1.5.0/pico-sdk/src/common/pico_time/time.c.obj
 *fill*         0x10007a99        0x3 
 .rodata.__func__.6
                0x10007a9c       0x12 CMakeFiles/pio_ws2812.dir/C_/Program_Files/Raspberry_Pi/Pico_SDK_v1.5.0/pico-sdk/src/common/pico_time/time.c.obj
 *fill*         0x10007aae        0x2 
 .rodata.__func__.7
                0x10007ab0        0xf CMakeFiles/pio_ws2812.dir/C_/Program_Files/Raspberry_Pi/Pico_SDK_v1.5.0/pico-sdk/src/common/pico_time/time.c.obj
 *fill*         0x10007abf        0x1 
 .rodata.__func__.8
                0x10007ac0        0xc CMakeFiles/pio_ws2812.dir/C_/Program_Files/Raspberry_Pi/Pico_SDK_v1.5.0/pico-sdk/src/common/pico_time/time.c.obj
 .rodata.__func__.9
                0x10007acc       0x15 CMakeFiles/pio_ws2812.dir/C_/Program_Files/Raspberry_Pi/Pico_SDK_v1.5.0/pico-sdk/src/common/pico_time/time.c.obj
 *fill*         0x10007ae1        0x3 
 .rodata.hardware_alarm_claim.str1.4
                0x10007ae4       0x22 CMakeFiles/pio_ws2812.dir/C_/Program_Files/Raspberry_Pi/Pico_SDK_v1.5.0/pico-sdk/src/rp2_common/hardware_timer/timer.c.obj
 *fill*         0x10007b06        0x2 
 .rodata.hardware_alarm_set_target.str1.4
                0x10007b08       0x81 CMakeFiles/pio_ws2812.dir/C_/Program_Files/Raspberry_Pi/Pico_SDK_v1.5.0/pico-sdk/src/rp2_common/hardware_timer/timer.c.obj
 *fill*         0x10007b89        0x3 
 .rodata.__func__.0
                0x10007b8c       0x1a CMakeFiles/pio_ws2812.dir/C_/Program_Files/Raspberry_Pi/Pico_SDK_v1.5.0/pico-sdk/src/rp2_common/hardware_timer/timer.c.obj
 .rodata.ph_add_child_node.str1.4
                0x10007ba6       0xb2 CMakeFiles/pio_ws2812.dir/C_/Program_Files/Raspberry_Pi/Pico_SDK_v1.5.0/pico-sdk/src/common/pico_util/pheap.c.obj
 *fill*         0x10007ba6        0x2 
 .rodata.ph_remove_any_head.str1.4
                0x10007ba8       0xa8 CMakeFiles/pio_ws2812.dir/C_/Program_Files/Raspberry_Pi/Pico_SDK_v1.5.0/pico-sdk/src/common/pico_util/pheap.c.obj
                                 0xbc (size before relaxing)
 .rodata.ph_remove_and_free_node.str1.4
                0x10007c50       0x1e CMakeFiles/pio_ws2812.dir/C_/Program_Files/Raspberry_Pi/Pico_SDK_v1.5.0/pico-sdk/src/common/pico_util/pheap.c.obj
                                 0x26 (size before relaxing)
 *fill*         0x10007c6e        0x2 
 .rodata.__func__.0
                0x10007c70       0x18 CMakeFiles/pio_ws2812.dir/C_/Program_Files/Raspberry_Pi/Pico_SDK_v1.5.0/pico-sdk/src/common/pico_util/pheap.c.obj
 .rodata.__func__.1
                0x10007c88       0x13 CMakeFiles/pio_ws2812.dir/C_/Program_Files/Raspberry_Pi/Pico_SDK_v1.5.0/pico-sdk/src/common/pico_util/pheap.c.obj
 *fill*         0x10007c9b        0x1 
 .rodata.__func__.2
                0x10007c9c       0x12 CMakeFiles/pio_ws2812.dir/C_/Program_Files/Raspberry_Pi/Pico_SDK_v1.5.0/pico-sdk/src/common/pico_util/pheap.c.obj
 *fill*         0x10007cae        0x2 
 .rodata.__func__.3
                0x10007cb0        0xc CMakeFiles/pio_ws2812.dir/C_/Program_Files/Raspberry_Pi/Pico_SDK_v1.5.0/pico-sdk/src/common/pico_util/pheap.c.obj
 .rodata.clock_configure.str1.4
                0x10007cbc       0x73 CMakeFiles/pio_ws2812.dir/C_/Program_Files/Raspberry_Pi/Pico_SDK_v1.5.0/pico-sdk/src/rp2_common/hardware_clocks/clocks.c.obj
 *fill*         0x10007d2f        0x1 
 .rodata.__func__.1
                0x10007d30       0x10 CMakeFiles/pio_ws2812.dir/C_/Program_Files/Raspberry_Pi/Pico_SDK_v1.5.0/pico-sdk/src/rp2_common/hardware_clocks/clocks.c.obj
 .rodata.pll_init.str1.4
                0x10007d40      0x13f CMakeFiles/pio_ws2812.dir/C_/Program_Files/Raspberry_Pi/Pico_SDK_v1.5.0/pico-sdk/src/rp2_common/hardware_pll/pll.c.obj
 *fill*         0x10007e7f        0x1 
 .rodata.__func__.0
                0x10007e80        0x9 CMakeFiles/pio_ws2812.dir/C_/Program_Files/Raspberry_Pi/Pico_SDK_v1.5.0/pico-sdk/src/rp2_common/hardware_pll/pll.c.obj
 *fill*         0x10007e89        0x3 
 .rodata.__assert_func.str1.4
                0x10007e8c       0x3f CMakeFiles/pio_ws2812.dir/C_/Program_Files/Raspberry_Pi/Pico_SDK_v1.5.0/pico-sdk/src/rp2_common/pico_runtime/runtime.c.obj
                                 0x43 (size before relaxing)
 *fill*         0x10007ecb        0x1 
 .rodata.runtime_init.str1.4
                0x10007ecc       0x7d CMakeFiles/pio_ws2812.dir/C_/Program_Files/Raspberry_Pi/Pico_SDK_v1.5.0/pico-sdk/src/rp2_common/pico_runtime/runtime.c.obj
 *fill*         0x10007f49        0x3 
 .rodata.panic.str1.4
                0x10007f4c       0x12 CMakeFiles/pio_ws2812.dir/C_/Program_Files/Raspberry_Pi/Pico_SDK_v1.5.0/pico-sdk/src/rp2_common/pico_runtime/runtime.c.obj
 *fill*         0x10007f5e        0x2 
 .rodata.__func__.2
                0x10007f60        0xd CMakeFiles/pio_ws2812.dir/C_/Program_Files/Raspberry_Pi/Pico_SDK_v1.5.0/pico-sdk/src/rp2_common/pico_runtime/runtime.c.obj
 *fill*         0x10007f6d        0x3 
 .rodata._ftoa.str1.4
                0x10007f70       0x15 CMakeFiles/pio_ws2812.dir/C_/Program_Files/Raspberry_Pi/Pico_SDK_v1.5.0/pico-sdk/src/rp2_common/pico_printf/printf.c.obj
 *fill*         0x10007f85        0x3 
 .rodata._vsnprintf
                0x10007f88      0x1e0 CMakeFiles/pio_ws2812.dir/C_/Program_Files/Raspberry_Pi/Pico_SDK_v1.5.0/pico-sdk/src/rp2_common/pico_printf/printf.c.obj
 .rodata.pow10.0
                0x10008168       0x50 CMakeFiles/pio_ws2812.dir/C_/Program_Files/Raspberry_Pi/Pico_SDK_v1.5.0/pico-sdk/src/rp2_common/pico_printf/printf.c.obj
 .rodata.missing_double_func_shim.str1.4
                0x100081b8       0x18 CMakeFiles/pio_ws2812.dir/C_/Program_Files/Raspberry_Pi/Pico_SDK_v1.5.0/pico-sdk/src/rp2_common/pico_double/double_init_rom.c.obj
 .rodata.__aeabi_double_init.str1.4
                0x100081d0       0xc4 CMakeFiles/pio_ws2812.dir/C_/Program_Files/Raspberry_Pi/Pico_SDK_v1.5.0/pico-sdk/src/rp2_common/pico_double/double_init_rom.c.obj
 .rodata.__func__.0
                0x10008294       0x14 CMakeFiles/pio_ws2812.dir/C_/Program_Files/Raspberry_Pi/Pico_SDK_v1.5.0/pico-sdk/src/rp2_common/pico_double/double_init_rom.c.obj
 .rodata.missing_float_func_shim.str1.4
                0x100082a8        0x1 CMakeFiles/pio_ws2812.dir/C_/Program_Files/Raspberry_Pi/Pico_SDK_v1.5.0/pico-sdk/src/rp2_common/pico_float/float_init_rom.c.obj
 .rodata.__aeabi_float_init.str1.4
                0x100082a8       0x96 CMakeFiles/pio_ws2812.dir/C_/Program_Files/Raspberry_Pi/Pico_SDK_v1.5.0/pico-sdk/src/rp2_common/pico_float/float_init_rom.c.obj
 *fill*         0x1000833e        0x2 
 .rodata.__func__.0
                0x10008340       0x13 CMakeFiles/pio_ws2812.dir/C_/Program_Files/Raspberry_Pi/Pico_SDK_v1.5.0/pico-sdk/src/rp2_common/pico_float/float_init_rom.c.obj
 *fill*         0x10008353        0x1 
 .rodata.str1.4
                0x10008354       0x40 CMakeFiles/pio_ws2812.dir/C_/Program_Files/Raspberry_Pi/Pico_SDK_v1.5.0/pico-sdk/src/rp2_common/pico_standard_link/binary_info.c.obj
 .rodata.__bi_44
                0x10008394        0xc CMakeFiles/pio_ws2812.dir/C_/Program_Files/Raspberry_Pi/Pico_SDK_v1.5.0/pico-sdk/src/rp2_common/pico_standard_link/binary_info.c.obj
 .rodata.__bi_75
                0x100083a0        0xc CMakeFiles/pio_ws2812.dir/C_/Program_Files/Raspberry_Pi/Pico_SDK_v1.5.0/pico-sdk/src/rp2_common/pico_standard_link/binary_info.c.obj
 .rodata.__bi_81
                0x100083ac        0xc CMakeFiles/pio_ws2812.dir/C_/Program_Files/Raspberry_Pi/Pico_SDK_v1.5.0/pico-sdk/src/rp2_common/pico_standard_link/binary_info.c.obj
 .rodata.stdout_serialize_begin.str1.4
                0x100083b8       0x7d CMakeFiles/pio_ws2812.dir/C_/Program_Files/Raspberry_Pi/Pico_SDK_v1.5.0/pico-sdk/src/rp2_common/pico_stdio/stdio.c.obj
 .rodata.__func__.3
                0x100083b8       0x15 CMakeFiles/pio_ws2812.dir/C_/Program_Files/Raspberry_Pi/Pico_SDK_v1.5.0/pico-sdk/src/rp2_common/pico_stdio/stdio.c.obj
 *fill*         0x100083cd        0x3 
 .rodata.crlf_str.2
                0x100083d0        0x2 CMakeFiles/pio_ws2812.dir/C_/Program_Files/Raspberry_Pi/Pico_SDK_v1.5.0/pico-sdk/src/rp2_common/pico_stdio/stdio.c.obj
 *fill*         0x100083d2        0x2 
 .rodata._resetd_driver
                0x100083d4       0x18 CMakeFiles/pio_ws2812.dir/C_/Program_Files/Raspberry_Pi/Pico_SDK_v1.5.0/pico-sdk/src/rp2_common/pico_stdio_usb/reset_interface.c.obj
 .rodata.low_priority_worker_irq.str1.4
                0x100083ec       0x7d CMakeFiles/pio_ws2812.dir/C_/Program_Files/Raspberry_Pi/Pico_SDK_v1.5.0/pico-sdk/src/rp2_common/pico_stdio_usb/stdio_usb.c.obj
 .rodata.stdio_usb_init.str1.4
                0x100083ec       0x61 CMakeFiles/pio_ws2812.dir/C_/Program_Files/Raspberry_Pi/Pico_SDK_v1.5.0/pico-sdk/src/rp2_common/pico_stdio_usb/stdio_usb.c.obj
                                 0x69 (size before relaxing)
 *fill*         0x1000844d        0x3 
 .rodata.str1.4
                0x10008450       0x13 CMakeFiles/pio_ws2812.dir/C_/Program_Files/Raspberry_Pi/Pico_SDK_v1.5.0/pico-sdk/src/rp2_common/pico_stdio_usb/stdio_usb.c.obj
 *fill*         0x10008463        0x1 
 .rodata.__bi_188.0
                0x10008464        0xc CMakeFiles/pio_ws2812.dir/C_/Program_Files/Raspberry_Pi/Pico_SDK_v1.5.0/pico-sdk/src/rp2_common/pico_stdio_usb/stdio_usb.c.obj
 .rodata.__func__.1
                0x10008470        0xf CMakeFiles/pio_ws2812.dir/C_/Program_Files/Raspberry_Pi/Pico_SDK_v1.5.0/pico-sdk/src/rp2_common/pico_stdio_usb/stdio_usb.c.obj
 *fill*         0x1000847f        0x1 
 .rodata.__func__.3
                0x10008480       0x15 CMakeFiles/pio_ws2812.dir/C_/Program_Files/Raspberry_Pi/Pico_SDK_v1.5.0/pico-sdk/src/rp2_common/pico_stdio_usb/stdio_usb.c.obj
 *fill*         0x10008495        0x3 
 .rodata.str1.4
                0x10008498       0x2a CMakeFiles/pio_ws2812.dir/C_/Program_Files/Raspberry_Pi/Pico_SDK_v1.5.0/pico-sdk/src/rp2_common/pico_stdio_usb/stdio_usb_descriptors.c.obj
 *fill*         0x100084c2        0x2 
 .rodata.usbd_desc_cfg
                0x100084c4       0x54 CMakeFiles/pio_ws2812.dir/C_/Program_Files/Raspberry_Pi/Pico_SDK_v1.5.0/pico-sdk/src/rp2_common/pico_stdio_usb/stdio_usb_descriptors.c.obj
 .rodata.usbd_desc_device
                0x10008518       0x12 CMakeFiles/pio_ws2812.dir/C_/Program_Files/Raspberry_Pi/Pico_SDK_v1.5.0/pico-sdk/src/rp2_common/pico_stdio_usb/stdio_usb_descriptors.c.obj
 *fill*         0x1000852a        0x2 
 .rodata.usbd_desc_str
                0x1000852c       0x18 CMakeFiles/pio_ws2812.dir/C_/Program_Files/Raspberry_Pi/Pico_SDK_v1.5.0/pico-sdk/src/rp2_common/pico_stdio_usb/stdio_usb_descriptors.c.obj
 .rodata.pico_get_unique_board_id_string.str1.4
                0x10008544       0x69 CMakeFiles/pio_ws2812.dir/C_/Program_Files/Raspberry_Pi/Pico_SDK_v1.5.0/pico-sdk/src/rp2_common/pico_unique_id/unique_id.c.obj
 *fill*         0x100085ad        0x3 
 .rodata.__func__.0
                0x100085b0       0x20 CMakeFiles/pio_ws2812.dir/C_/Program_Files/Raspberry_Pi/Pico_SDK_v1.5.0/pico-sdk/src/rp2_common/pico_unique_id/unique_id.c.obj
 .rodata.str1.4
                0x100085d0      0x176 CMakeFiles/pio_ws2812.dir/C_/Program_Files/Raspberry_Pi/Pico_SDK_v1.5.0/pico-sdk/src/rp2_common/hardware_flash/flash.c.obj
 *fill*         0x10008746        0x2 
 .rodata.__func__.0
                0x10008748        0xd CMakeFiles/pio_ws2812.dir/C_/Program_Files/Raspberry_Pi/Pico_SDK_v1.5.0/pico-sdk/src/rp2_common/hardware_flash/flash.c.obj
 *fill*         0x10008755        0x3 
 .rodata._hw_endpoint_alloc.str1.4
                0x10008758       0xd1 CMakeFiles/pio_ws2812.dir/C_/Program_Files/Raspberry_Pi/Pico_SDK_v1.5.0/pico-sdk/lib/tinyusb/src/portable/raspberrypi/rp2040/dcd_rp2040.c.obj
 *fill*         0x10008829        0x3 
 .rodata.str1.4
                0x1000882c       0x14 CMakeFiles/pio_ws2812.dir/C_/Program_Files/Raspberry_Pi/Pico_SDK_v1.5.0/pico-sdk/lib/tinyusb/src/portable/raspberrypi/rp2040/dcd_rp2040.c.obj
 .rodata.dcd_int_enable.str1.4
                0x10008840        0xc CMakeFiles/pio_ws2812.dir/C_/Program_Files/Raspberry_Pi/Pico_SDK_v1.5.0/pico-sdk/lib/tinyusb/src/portable/raspberrypi/rp2040/dcd_rp2040.c.obj
 .rodata.__func__.0
                0x1000884c        0xe CMakeFiles/pio_ws2812.dir/C_/Program_Files/Raspberry_Pi/Pico_SDK_v1.5.0/pico-sdk/lib/tinyusb/src/portable/raspberrypi/rp2040/dcd_rp2040.c.obj
 *fill*         0x1000885a        0x2 
 .rodata.__func__.1
                0x1000885c        0xe CMakeFiles/pio_ws2812.dir/C_/Program_Files/Raspberry_Pi/Pico_SDK_v1.5.0/pico-sdk/lib/tinyusb/src/portable/raspberrypi/rp2040/dcd_rp2040.c.obj
 *fill*         0x1000886a        0x2 
 .rodata.__func__.3
                0x1000886c       0x10 CMakeFiles/pio_ws2812.dir/C_/Program_Files/Raspberry_Pi/Pico_SDK_v1.5.0/pico-sdk/lib/tinyusb/src/portable/raspberrypi/rp2040/dcd_rp2040.c.obj
 .rodata.__func__.5
                0x1000887c        0xf CMakeFiles/pio_ws2812.dir/C_/Program_Files/Raspberry_Pi/Pico_SDK_v1.5.0/pico-sdk/lib/tinyusb/src/portable/raspberrypi/rp2040/dcd_rp2040.c.obj
 *fill*         0x1000888b        0x1 
 .rodata.__func__.6
                0x1000888c       0x13 CMakeFiles/pio_ws2812.dir/C_/Program_Files/Raspberry_Pi/Pico_SDK_v1.5.0/pico-sdk/lib/tinyusb/src/portable/raspberrypi/rp2040/dcd_rp2040.c.obj
 *fill*         0x1000889f        0x1 
 .rodata.__func__.7
                0x100088a0        0x9 CMakeFiles/pio_ws2812.dir/C_/Program_Files/Raspberry_Pi/Pico_SDK_v1.5.0/pico-sdk/lib/tinyusb/src/portable/raspberrypi/rp2040/dcd_rp2040.c.obj
 *fill*         0x100088a9        0x3 
 .rodata.str1.4
                0x100088ac      0x103 CMakeFiles/pio_ws2812.dir/C_/Program_Files/Raspberry_Pi/Pico_SDK_v1.5.0/pico-sdk/lib/tinyusb/src/portable/raspberrypi/rp2040/rp2040_usb.c.obj
 *fill*         0x100089af        0x1 
 .rodata.__func__.0
                0x100089b0        0xf CMakeFiles/pio_ws2812.dir/C_/Program_Files/Raspberry_Pi/Pico_SDK_v1.5.0/pico-sdk/lib/tinyusb/src/portable/raspberrypi/rp2040/rp2040_usb.c.obj
 *fill*         0x100089bf        0x1 
 .rodata.process_get_descriptor
                0x100089c0       0x40 CMakeFiles/pio_ws2812.dir/C_/Program_Files/Raspberry_Pi/Pico_SDK_v1.5.0/pico-sdk/lib/tinyusb/src/device/usbd.c.obj
 .rodata.process_control_request
                0x10008a00       0x28 CMakeFiles/pio_ws2812.dir/C_/Program_Files/Raspberry_Pi/Pico_SDK_v1.5.0/pico-sdk/lib/tinyusb/src/device/usbd.c.obj
 .rodata.tud_task_ext
                0x10008a28       0x24 CMakeFiles/pio_ws2812.dir/C_/Program_Files/Raspberry_Pi/Pico_SDK_v1.5.0/pico-sdk/lib/tinyusb/src/device/usbd.c.obj
 .rodata._usbd_driver
                0x10008a4c       0x18 CMakeFiles/pio_ws2812.dir/C_/Program_Files/Raspberry_Pi/Pico_SDK_v1.5.0/pico-sdk/lib/tinyusb/src/device/usbd.c.obj
 .rodata._pio_find_offset_for_program.str1.4
                0x10008a64       0x85 CMakeFiles/pio_ws2812.dir/C_/Program_Files/Raspberry_Pi/Pico_SDK_v1.5.0/pico-sdk/src/rp2_common/hardware_pio/pio.c.obj
 *fill*         0x10008ae9        0x3 
 .rodata._pio_add_program_at_offset.str1.4
                0x10008aec       0x11 CMakeFiles/pio_ws2812.dir/C_/Program_Files/Raspberry_Pi/Pico_SDK_v1.5.0/pico-sdk/src/rp2_common/hardware_pio/pio.c.obj
 *fill*         0x10008afd        0x3 
 .rodata.pio_claim_unused_sm.str1.4
                0x10008b00       0x24 CMakeFiles/pio_ws2812.dir/C_/Program_Files/Raspberry_Pi/Pico_SDK_v1.5.0/pico-sdk/src/rp2_common/hardware_pio/pio.c.obj
 .rodata.__func__.1
                0x10008b24       0x1d CMakeFiles/pio_ws2812.dir/C_/Program_Files/Raspberry_Pi/Pico_SDK_v1.5.0/pico-sdk/src/rp2_common/hardware_pio/pio.c.obj
                0x10008b44                . = ALIGN (0x4)
 *fill*         0x10008b41        0x3 
 *(SORT_BY_ALIGNMENT(SORT_BY_NAME(.flashdata*)))
                0x10008b44                . = ALIGN (0x4)

.rel.dyn        0x10008b44        0x0
 .rel.iplt      0x10008b44        0x0 c:/progra~1/raspbe~1/picosd~1.0/gcc-ar~1/bin/../lib/gcc/arm-none-eabi/10.3.1/thumb/v6-m/nofp/crtbegin.o

.ARM.extab
 *(.ARM.extab* .gnu.linkonce.armextab.*)
                0x10008b44                __exidx_start = .

.ARM.exidx
 *(.ARM.exidx* .gnu.linkonce.armexidx.*)
                0x10008b44                __exidx_end = .
                0x10008b44                . = ALIGN (0x4)
                0x10008b44                __binary_info_start = .

.binary_info    0x10008b44       0x20
 *(.binary_info.keep.*)
 .binary_info.keep.__bi_ptr22
                0x10008b44        0x4 CMakeFiles/pio_ws2812.dir/C_/Program_Files/Raspberry_Pi/Pico_SDK_v1.5.0/pico-sdk/src/rp2_common/pico_standard_link/binary_info.c.obj
 .binary_info.keep.__bi_ptr30
                0x10008b48        0x4 CMakeFiles/pio_ws2812.dir/C_/Program_Files/Raspberry_Pi/Pico_SDK_v1.5.0/pico-sdk/src/rp2_common/pico_standard_link/binary_info.c.obj
 .binary_info.keep.__bi_ptr38
                0x10008b4c        0x4 CMakeFiles/pio_ws2812.dir/C_/Program_Files/Raspberry_Pi/Pico_SDK_v1.5.0/pico-sdk/src/rp2_common/pico_standard_link/binary_info.c.obj
 .binary_info.keep.__bi_ptr44
                0x10008b50        0x4 CMakeFiles/pio_ws2812.dir/C_/Program_Files/Raspberry_Pi/Pico_SDK_v1.5.0/pico-sdk/src/rp2_common/pico_standard_link/binary_info.c.obj
 .binary_info.keep.__bi_ptr50
                0x10008b54        0x4 CMakeFiles/pio_ws2812.dir/C_/Program_Files/Raspberry_Pi/Pico_SDK_v1.5.0/pico-sdk/src/rp2_common/pico_standard_link/binary_info.c.obj
 .binary_info.keep.__bi_ptr75
                0x10008b58        0x4 CMakeFiles/pio_ws2812.dir/C_/Program_Files/Raspberry_Pi/Pico_SDK_v1.5.0/pico-sdk/src/rp2_common/pico_standard_link/binary_info.c.obj
 .binary_info.keep.__bi_ptr81
                0x10008b5c        0x4 CMakeFiles/pio_ws2812.dir/C_/Program_Files/Raspberry_Pi/Pico_SDK_v1.5.0/pico-sdk/src/rp2_common/pico_standard_link/binary_info.c.obj
 *(.binary_info.*)
 .binary_info.__bi_ptr188
                0x10008b60        0x4 CMakeFiles/pio_ws2812.dir/C_/Program_Files/Raspberry_Pi/Pico_SDK_v1.5.0/pico-sdk/src/rp2_common/pico_stdio_usb/stdio_usb.c.obj
                0x10008b64                __binary_info_end = .
                0x10008b64                . = ALIGN (0x4)
                0x10008b64                __etext = .

.ram_vector_table
                0x20000000       0xc0
 *(.ram_vector_table)
 .ram_vector_table
                0x20000000       0xc0 CMakeFiles/pio_ws2812.dir/C_/Program_Files/Raspberry_Pi/Pico_SDK_v1.5.0/pico-sdk/src/rp2_common/pico_runtime/runtime.c.obj
                0x20000000                ram_vector_table

.data           0x200000c0     0x1010 load address 0x10008b64
                0x200000c0                __data_start__ = .
 *(vtable)
 *(.time_critical*)
 .time_critical.mutex_try_enter
                0x200000c0       0x46 CMakeFiles/pio_ws2812.dir/C_/Program_Files/Raspberry_Pi/Pico_SDK_v1.5.0/pico-sdk/src/common/pico_sync/mutex.c.obj
                0x200000c0                mutex_try_enter
 *fill*         0x20000106        0x2 
 .time_critical.mutex_enter_block_until
                0x20000108       0x8c CMakeFiles/pio_ws2812.dir/C_/Program_Files/Raspberry_Pi/Pico_SDK_v1.5.0/pico-sdk/src/common/pico_sync/mutex.c.obj
                0x20000108                mutex_enter_block_until
 .time_critical.mutex_try_enter_block_until
                0x20000194       0x34 CMakeFiles/pio_ws2812.dir/C_/Program_Files/Raspberry_Pi/Pico_SDK_v1.5.0/pico-sdk/src/common/pico_sync/mutex.c.obj
                0x20000194                mutex_try_enter_block_until
 .time_critical.mutex_enter_timeout_ms
                0x200001c8       0x68 CMakeFiles/pio_ws2812.dir/C_/Program_Files/Raspberry_Pi/Pico_SDK_v1.5.0/pico-sdk/src/common/pico_sync/mutex.c.obj
                0x200001c8                mutex_enter_timeout_ms
 .time_critical.mutex_exit
                0x20000230       0x4c CMakeFiles/pio_ws2812.dir/C_/Program_Files/Raspberry_Pi/Pico_SDK_v1.5.0/pico-sdk/src/common/pico_sync/mutex.c.obj
                0x20000230                mutex_exit
 .time_critical.flash_init_boot2_copyout
                0x2000027c       0x30 CMakeFiles/pio_ws2812.dir/C_/Program_Files/Raspberry_Pi/Pico_SDK_v1.5.0/pico-sdk/src/rp2_common/hardware_flash/flash.c.obj
 .time_critical.flash_enable_xip_via_boot2
                0x200002ac       0x10 CMakeFiles/pio_ws2812.dir/C_/Program_Files/Raspberry_Pi/Pico_SDK_v1.5.0/pico-sdk/src/rp2_common/hardware_flash/flash.c.obj
 .time_critical.flash_cs_force